Component: ARM Compiler 6.16 Tool: armlink [5dfeaa00]

==============================================================================

Section Cross References

    startup_stm32f334x8.o(STACK) refers (Special) to heapauxi.o(.text) for __use_two_region_memory
    startup_stm32f334x8.o(HEAP) refers (Special) to heapauxi.o(.text) for __use_two_region_memory
    startup_stm32f334x8.o(RESET) refers (Special) to heapauxi.o(.text) for __use_two_region_memory
    startup_stm32f334x8.o(RESET) refers to startup_stm32f334x8.o(STACK) for __initial_sp
    startup_stm32f334x8.o(RESET) refers to startup_stm32f334x8.o(.text) for Reset_Handler
    startup_stm32f334x8.o(RESET) refers to stm32f3xx_it.o(.text.NMI_Handler) for NMI_Handler
    startup_stm32f334x8.o(RESET) refers to stm32f3xx_it.o(.text.HardFault_Handler) for HardFault_Handler
    startup_stm32f334x8.o(RESET) refers to stm32f3xx_it.o(.text.MemManage_Handler) for MemManage_Handler
    startup_stm32f334x8.o(RESET) refers to stm32f3xx_it.o(.text.BusFault_Handler) for BusFault_Handler
    startup_stm32f334x8.o(RESET) refers to stm32f3xx_it.o(.text.UsageFault_Handler) for UsageFault_Handler
    startup_stm32f334x8.o(RESET) refers to stm32f3xx_it.o(.text.SVC_Handler) for SVC_Handler
    startup_stm32f334x8.o(RESET) refers to stm32f3xx_it.o(.text.DebugMon_Handler) for DebugMon_Handler
    startup_stm32f334x8.o(RESET) refers to stm32f3xx_it.o(.text.PendSV_Handler) for PendSV_Handler
    startup_stm32f334x8.o(RESET) refers to stm32f3xx_it.o(.text.SysTick_Handler) for SysTick_Handler
    startup_stm32f334x8.o(RESET) refers to stm32f3xx_it.o(.text.HRTIM1_TIMA_IRQHandler) for HRTIM1_TIMA_IRQHandler
    startup_stm32f334x8.o(.text) refers (Special) to heapauxi.o(.text) for __use_two_region_memory
    startup_stm32f334x8.o(.text) refers to system_stm32f3xx.o(.text.SystemInit) for SystemInit
    startup_stm32f334x8.o(.text) refers to __main.o(!!!main) for __main
    startup_stm32f334x8.o(.text) refers to startup_stm32f334x8.o(HEAP) for Heap_Mem
    startup_stm32f334x8.o(.text) refers to startup_stm32f334x8.o(STACK) for Stack_Mem
    main.o(.text.main) refers to stm32f3xx_hal.o(.text.HAL_Init) for HAL_Init
    main.o(.text.main) refers to main.o(.text.SystemClock_Config) for SystemClock_Config
    main.o(.text.main) refers to gpio.o(.text.MX_GPIO_Init) for MX_GPIO_Init
    main.o(.text.main) refers to tim.o(.text.MX_TIM2_Init) for MX_TIM2_Init
    main.o(.text.main) refers to hrtim.o(.text.MX_HRTIM1_Init) for MX_HRTIM1_Init
    main.o(.text.main) refers to adc.o(.text.MX_ADC1_Init) for MX_ADC1_Init
    main.o(.text.main) refers to soft.o(.text.inInit) for inInit
    main.o(.text.main) refers to soft.o(.text.inMain) for inMain
    main.o(.ARM.exidx.text.main) refers to main.o(.text.main) for [Anonymous Symbol]
    main.o(.text.SystemClock_Config) refers to rt_memclr_w.o(.text) for __aeabi_memclr4
    main.o(.text.SystemClock_Config) refers to stm32f3xx_hal_rcc.o(.text.HAL_RCC_OscConfig) for HAL_RCC_OscConfig
    main.o(.text.SystemClock_Config) refers to main.o(.text.Error_Handler) for Error_Handler
    main.o(.text.SystemClock_Config) refers to stm32f3xx_hal_rcc.o(.text.HAL_RCC_ClockConfig) for HAL_RCC_ClockConfig
    main.o(.text.SystemClock_Config) refers to stm32f3xx_hal_rcc_ex.o(.text.HAL_RCCEx_PeriphCLKConfig) for HAL_RCCEx_PeriphCLKConfig
    main.o(.text.SystemClock_Config) refers to soft.o(.text.inSysTConfig) for inSysTConfig
    main.o(.ARM.exidx.text.SystemClock_Config) refers to main.o(.text.SystemClock_Config) for [Anonymous Symbol]
    main.o(.ARM.exidx.text.Error_Handler) refers to main.o(.text.Error_Handler) for [Anonymous Symbol]
    gpio.o(.text.MX_GPIO_Init) refers to stm32f3xx_hal_gpio.o(.text.HAL_GPIO_WritePin) for HAL_GPIO_WritePin
    gpio.o(.text.MX_GPIO_Init) refers to stm32f3xx_hal_gpio.o(.text.HAL_GPIO_Init) for HAL_GPIO_Init
    gpio.o(.ARM.exidx.text.MX_GPIO_Init) refers to gpio.o(.text.MX_GPIO_Init) for [Anonymous Symbol]
    adc.o(.text.MX_ADC1_Init) refers to rt_memclr_w.o(.text) for __aeabi_memclr4
    adc.o(.text.MX_ADC1_Init) refers to adc.o(.bss.hadc1) for hadc1
    adc.o(.text.MX_ADC1_Init) refers to stm32f3xx_hal_adc_ex.o(.text.HAL_ADC_Init) for HAL_ADC_Init
    adc.o(.text.MX_ADC1_Init) refers to main.o(.text.Error_Handler) for Error_Handler
    adc.o(.text.MX_ADC1_Init) refers to stm32f3xx_hal_adc_ex.o(.text.HAL_ADCEx_MultiModeConfigChannel) for HAL_ADCEx_MultiModeConfigChannel
    adc.o(.text.MX_ADC1_Init) refers to stm32f3xx_hal_adc_ex.o(.text.HAL_ADCEx_InjectedConfigChannel) for HAL_ADCEx_InjectedConfigChannel
    adc.o(.ARM.exidx.text.MX_ADC1_Init) refers to adc.o(.text.MX_ADC1_Init) for [Anonymous Symbol]
    adc.o(.text.HAL_ADC_MspInit) refers to stm32f3xx_hal_gpio.o(.text.HAL_GPIO_Init) for HAL_GPIO_Init
    adc.o(.ARM.exidx.text.HAL_ADC_MspInit) refers to adc.o(.text.HAL_ADC_MspInit) for [Anonymous Symbol]
    adc.o(.text.HAL_ADC_MspDeInit) refers to stm32f3xx_hal_gpio.o(.text.HAL_GPIO_DeInit) for HAL_GPIO_DeInit
[...]
    ../clib/signal.c                         0x00000000   Number         0  defsig_rtred_inner.o ABSOLUTE
    ../clib/signal.c                         0x00000000   Number         0  defsig_rtmem_inner.o ABSOLUTE
    ../clib/signal.c                         0x00000000   Number         0  defsig_rtmem_outer.o ABSOLUTE
    ../clib/signal.c                         0x00000000   Number         0  defsig_rtmem_formal.o ABSOLUTE
    ../clib/signal.c                         0x00000000   Number         0  defsig_stak_inner.o ABSOLUTE
    ../clib/signal.c                         0x00000000   Number         0  defsig_pvfn_inner.o ABSOLUTE
    ../clib/signal.c                         0x00000000   Number         0  defsig_cppl_inner.o ABSOLUTE
    ../clib/signal.c                         0x00000000   Number         0  defsig_segv_inner.o ABSOLUTE
    ../clib/signal.c                         0x00000000   Number         0  defsig_other.o ABSOLUTE
    ../clib/signal.s                         0x00000000   Number         0  defsig.o ABSOLUTE
    ../clib/stdlib.c                         0x00000000   Number         0  exit.o ABSOLUTE
    ../fplib/fpinit.s                        0x00000000   Number         0  fpinit.o ABSOLUTE
    adc.c                                    0x00000000   Number         0  adc.o ABSOLUTE
    comp.c                                   0x00000000   Number         0  comp.o ABSOLUTE
    dac.c                                    0x00000000   Number         0  dac.o ABSOLUTE
    dc.s                                     0x00000000   Number         0  dc.o ABSOLUTE
    gpio.c                                   0x00000000   Number         0  gpio.o ABSOLUTE
    hrtim.c                                  0x00000000   Number         0  hrtim.o ABSOLUTE
    main.c                                   0x00000000   Number         0  main.o ABSOLUTE
    soft.c                                   0x00000000   Number         0  soft.o ABSOLUTE
    startup_stm32f334x8.s                    0x00000000   Number         0  startup_stm32f334x8.o ABSOLUTE
    stm32f3xx_hal.c                          0x00000000   Number         0  stm32f3xx_hal.o ABSOLUTE
    stm32f3xx_hal_adc.c                      0x00000000   Number         0  stm32f3xx_hal_adc.o ABSOLUTE
    stm32f3xx_hal_adc_ex.c                   0x00000000   Number         0  stm32f3xx_hal_adc_ex.o ABSOLUTE
    stm32f3xx_hal_comp.c                     0x00000000   Number         0  stm32f3xx_hal_comp.o ABSOLUTE
    stm32f3xx_hal_cortex.c                   0x00000000   Number         0  stm32f3xx_hal_cortex.o ABSOLUTE
    stm32f3xx_hal_dac.c                      0x00000000   Number         0  stm32f3xx_hal_dac.o ABSOLUTE
    stm32f3xx_hal_dac_ex.c                   0x00000000   Number         0  stm32f3xx_hal_dac_ex.o ABSOLUTE
    stm32f3xx_hal_dma.c                      0x00000000   Number         0  stm32f3xx_hal_dma.o ABSOLUTE
    stm32f3xx_hal_exti.c                     0x00000000   Number         0  stm32f3xx_hal_exti.o ABSOLUTE
    stm32f3xx_hal_flash.c                    0x00000000   Number         0  stm32f3xx_hal_flash.o ABSOLUTE
    stm32f3xx_hal_flash_ex.c                 0x00000000   Number         0  stm32f3xx_hal_flash_ex.o ABSOLUTE
    stm32f3xx_hal_gpio.c                     0x00000000   Number         0  stm32f3xx_hal_gpio.o ABSOLUTE
    stm32f3xx_hal_hrtim.c                    0x00000000   Number         0  stm32f3xx_hal_hrtim.o ABSOLUTE
    stm32f3xx_hal_i2c.c                      0x00000000   Number         0  stm32f3xx_hal_i2c.o ABSOLUTE
    stm32f3xx_hal_i2c_ex.c                   0x00000000   Number         0  stm32f3xx_hal_i2c_ex.o ABSOLUTE
    stm32f3xx_hal_msp.c                      0x00000000   Number         0  stm32f3xx_hal_msp.o ABSOLUTE
    stm32f3xx_hal_pwr.c                      0x00000000   Number         0  stm32f3xx_hal_pwr.o ABSOLUTE
    stm32f3xx_hal_pwr_ex.c                   0x00000000   Number         0  stm32f3xx_hal_pwr_ex.o ABSOLUTE
    stm32f3xx_hal_rcc.c                      0x00000000   Number         0  stm32f3xx_hal_rcc.o ABSOLUTE
    stm32f3xx_hal_rcc_ex.c                   0x00000000   Number         0  stm32f3xx_hal_rcc_ex.o ABSOLUTE
    stm32f3xx_hal_tim.c                      0x00000000   Number         0  stm32f3xx_hal_tim.o ABSOLUTE
    stm32f3xx_hal_tim_ex.c                   0x00000000   Number         0  stm32f3xx_hal_tim_ex.o ABSOLUTE
    stm32f3xx_it.c                           0x00000000   Number         0  stm32f3xx_it.o ABSOLUTE
    system_stm32f3xx.c                       0x00000000   Number         0  system_stm32f3xx.o ABSOLUTE
    tim.c                                    0x00000000   Number         0  tim.o ABSOLUTE
    RESET                                    0x08000000   Section      392  startup_stm32f334x8.o(RESET)
    !!!main                                  0x08000188   Section        8  __main.o(!!!main)
    !!!scatter                               0x08000190   Section       52  __scatter.o(!!!scatter)
    !!handler_copy                           0x080001c4   Section       26  __scatter_copy.o(!!handler_copy)
    !!handler_zi                             0x080001e0   Section       28  __scatter_zi.o(!!handler_zi)
    .ARM.Collect$$libinit$$00000000          0x080001fc   Section        2  libinit.o(.ARM.Collect$$libinit$$00000000)
    .ARM.Collect$$libinit$$00000001          0x080001fe   Section        4  libinit2.o(.ARM.Collect$$libinit$$00000001)
    .ARM.Collect$$libinit$$00000004          0x08000202   Section        0  libinit2.o(.ARM.Collect$$libinit$$00000004)
    .ARM.Collect$$libinit$$0000000A          0x08000202   Section        0  libinit2.o(.ARM.Collect$$libinit$$0000000A)
    .ARM.Collect$$libinit$$0000000C          0x08000202   Section        0  libinit2.o(.ARM.Collect$$libinit$$0000000C)
    .ARM.Collect$$libinit$$0000000E          0x08000202   Section        0  libinit2.o(.ARM.Collect$$libinit$$0000000E)
    .ARM.Collect$$libinit$$00000011          0x08000202   Section        0  libinit2.o(.ARM.Collect$$libinit$$00000011)
    .ARM.Collect$$libinit$$00000013          0x08000202   Section        0  libinit2.o(.ARM.Collect$$libinit$$00000013)
    .ARM.Collect$$libinit$$00000015          0x08000202   Section        0  libinit2.o(.ARM.Collect$$libinit$$00000015)
    .ARM.Collect$$libinit$$00000017          0x08000202   Section        0  libinit2.o(.ARM.Collect$$libinit$$00000017)
    .ARM.Collect$$libinit$$00000019          0x08000202   Section        0  libinit2.o(.ARM.Collect$$libinit$$00000019)
    .ARM.Collect$$libinit$$0000001B          0x08000202   Section        0  libinit2.o(.ARM.Collect$$libinit$$0000001B)
    .ARM.Collect$$libinit$$0000001D          0x08000202   Section        0  libinit2.o(.ARM.Collect$$libinit$$0000001D)
    .ARM.Collect$$libinit$$0000001F          0x08000202   Section        0  libinit2.o(.ARM.Collect$$libinit$$0000001F)
    .ARM.Collect$$libinit$$00000021          0x08000202   Section        0  libinit2.o(.ARM.Collect$$libinit$$00000021)
    .ARM.Collect$$libinit$$00000023          0x08000202   Section        0  libinit2.o(.ARM.Collect$$libinit$$00000023)
    .ARM.Collect$$libinit$$00000025          0x08000202   Section        0  libinit2.o(.ARM.Collect$$libinit$$00000025)
    .ARM.Collect$$libinit$$0000002C          0x08000202   Section        0  libinit2.o(.ARM.Collect$$libinit$$0000002C)
    .ARM.Collect$$libinit$$0000002E          0x08000202   Section        0  libinit2.o(.ARM.Collect$$libinit$$0000002E)
    .ARM.Collect$$libinit$$00000030          0x08000202   Section        0  libinit2.o(.ARM.Collect$$libinit$$00000030)
    .ARM.Collect$$libinit$$00000032          0x08000202   Section        0  libinit2.o(.ARM.Collect$$libinit$$00000032)
    .ARM.Collect$$libinit$$00000033          0x08000202   Section        2  libinit2.o(.ARM.Collect$$libinit$$00000033)
    .ARM.Collect$$libshutdown$$00000000      0x08000204   Section        2  libshutdown.o(.ARM.Collect$$libshutdown$$00000000)
    .ARM.Collect$$libshutdown$$00000002      0x08000206   Section        0  libshutdown2.o(.ARM.Collect$$libshutdown$$00000002)
    .ARM.Collect$$libshutdown$$00000004      0x08000206   Section        0  libshutdown2.o(.ARM.Collect$$libshutdown$$00000004)
    .ARM.Collect$$libshutdown$$00000007      0x08000206   Section        0  libshutdown2.o(.ARM.Collect$$libshutdown$$00000007)
    .ARM.Collect$$libshutdown$$0000000A      0x08000206   Section        0  libshutdown2.o(.ARM.Collect$$libshutdown$$0000000A)
    .ARM.Collect$$libshutdown$$0000000C      0x08000206   Section        0  libshutdown2.o(.ARM.Collect$$libshutdown$$0000000C)
    .ARM.Collect$$libshutdown$$0000000F      0x08000206   Section        0  libshutdown2.o(.ARM.Collect$$libshutdown$$0000000F)
    .ARM.Collect$$libshutdown$$00000010      0x08000206   Section        2  libshutdown2.o(.ARM.Collect$$libshutdown$$00000010)
    .ARM.Collect$$rtentry$$00000000          0x08000208   Section        0  __rtentry.o(.ARM.Collect$$rtentry$$00000000)
    .ARM.Collect$$rtentry$$00000002          0x08000208   Section        0  __rtentry2.o(.ARM.Collect$$rtentry$$00000002)
    .ARM.Collect$$rtentry$$00000004          0x08000208   Section        6  __rtentry4.o(.ARM.Collect$$rtentry$$00000004)
    .ARM.Collect$$rtentry$$00000009          0x0800020e   Section        0  __rtentry2.o(.ARM.Collect$$rtentry$$00000009)
    .ARM.Collect$$rtentry$$0000000A          0x0800020e   Section        4  __rtentry2.o(.ARM.Collect$$rtentry$$0000000A)
    .ARM.Collect$$rtentry$$0000000C          0x08000212   Section        0  __rtentry2.o(.ARM.Collect$$rtentry$$0000000C)
    .ARM.Collect$$rtentry$$0000000D          0x08000212   Section        8  __rtentry2.o(.ARM.Collect$$rtentry$$0000000D)
    .ARM.Collect$$rtexit$$00000000           0x0800021a   Section        2  rtexit.o(.ARM.Collect$$rtexit$$00000000)
    .ARM.Collect$$rtexit$$00000002           0x0800021c   Section        0  rtexit2.o(.ARM.Collect$$rtexit$$00000002)
    .ARM.Collect$$rtexit$$00000003           0x0800021c   Section        4  rtexit2.o(.ARM.Collect$$rtexit$$00000003)
    .ARM.Collect$$rtexit$$00000004           0x08000220   Section        6  rtexit2.o(.ARM.Collect$$rtexit$$00000004)
    $v0                                      0x08000228   Number         0  startup_stm32f334x8.o(.text)
    .text                                    0x08000228   Section       64  startup_stm32f334x8.o(.text)
    .text                                    0x08000268   Section      240  lludivv7m.o(.text)
    .text                                    0x08000358   Section       78  rt_memclr_w.o(.text)
    .text                                    0x080003a6   Section        0  heapauxi.o(.text)
    .text                                    0x080003ac   Section       74  sys_stackheap_outer.o(.text)
    .text                                    0x080003f6   Section        0  exit.o(.text)
    .text                                    0x08000408   Section        8  libspace.o(.text)
    .text                                    0x08000410   Section        0  sys_exit.o(.text)
    .text                                    0x0800041c   Section        2  use_no_semi.o(.text)
    .text                                    0x0800041e   Section        0  indicate_semi.o(.text)
    ADC_Disable                              0x08000421   Thumb Code   214  stm32f3xx_hal_adc_ex.o(.text.ADC_Disable)
    [Anonymous Symbol]                       0x08000420   Section        0  stm32f3xx_hal_adc_ex.o(.text.ADC_Disable)
    ADC_Enable                               0x080004f9   Thumb Code   202  stm32f3xx_hal_adc_ex.o(.text.ADC_Enable)
    [Anonymous Symbol]                       0x080004f8   Section        0  stm32f3xx_hal_adc_ex.o(.text.ADC_Enable)
    [Anonymous Symbol]                       0x080005c4   Section        0  stm32f3xx_it.o(.text.BusFault_Handler)
    [Anonymous Symbol]                       0x080005c8   Section        0  stm32f3xx_it.o(.text.DebugMon_Handler)
    [Anonymous Symbol]                       0x080005cc   Section        0  main.o(.text.Error_Handler)
    [Anonymous Symbol]                       0x080005dc   Section        0  stm32f3xx_hal_adc_ex.o(.text.HAL_ADCEx_Calibration_Start)
    [Anonymous Symbol]                       0x080006dc   Section        0  stm32f3xx_hal_adc_ex.o(.text.HAL_ADCEx_InjectedConfigChannel)
    [Anonymous Symbol]                       0x08000d08   Section        0  stm32f3xx_hal_adc_ex.o(.text.HAL_ADCEx_InjectedGetValue)
    [Anonymous Symbol]                       0x08000d60   Section        0  stm32f3xx_hal_adc_ex.o(.text.HAL_ADCEx_InjectedStart)
    [Anonymous Symbol]                       0x08000eb0   Section        0  stm32f3xx_hal_adc_ex.o(.text.HAL_ADCEx_MultiModeConfigChannel)
    [Anonymous Symbol]                       0x08001068   Section        0  stm32f3xx_hal_adc_ex.o(.text.HAL_ADC_Init)
    [Anonymous Symbol]                       0x080013a8   Section        0  adc.o(.text.HAL_ADC_MspInit)
    [Anonymous Symbol]                       0x0800141c   Section        0  stm32f3xx_hal_gpio.o(.text.HAL_GPIO_Init)
    [Anonymous Symbol]                       0x0800174c   Section        0  stm32f3xx_hal_gpio.o(.text.HAL_GPIO_ReadPin)
    [Anonymous Symbol]                       0x0800177c   Section        0  stm32f3xx_hal_gpio.o(.text.HAL_GPIO_WritePin)
    [Anonymous Symbol]                       0x080017a8   Section        0  stm32f3xx_hal.o(.text.HAL_GetTick)
    [Anonymous Symbol]                       0x080017b4   Section        0  stm32f3xx_hal_hrtim.o(.text.HAL_HRTIM_ADCTriggerConfig)
    [Anonymous Symbol]                       0x0800190c   Section        0  stm32f3xx_hal_hrtim.o(.text.HAL_HRTIM_BurstModePeriodCallback)
    [Anonymous Symbol]                       0x08001914   Section        0  stm32f3xx_hal_hrtim.o(.text.HAL_HRTIM_Capture1EventCallback)
    [Anonymous Symbol]                       0x08001920   Section        0  stm32f3xx_hal_hrtim.o(.text.HAL_HRTIM_Capture2EventCallback)
    [Anonymous Symbol]                       0x0800192c   Section        0  stm32f3xx_hal_hrtim.o(.text.HAL_HRTIM_Compare1EventCallback)
    [Anonymous Symbol]                       0x08001938   Section        0  stm32f3xx_hal_hrtim.o(.text.HAL_HRTIM_Compare2EventCallback)
    [Anonymous Symbol]                       0x08001944   Section        0  stm32f3xx_hal_hrtim.o(.text.HAL_HRTIM_Compare3EventCallback)
    [Anonymous Symbol]                       0x08001950   Section        0  stm32f3xx_hal_hrtim.o(.text.HAL_HRTIM_Compare4EventCallback)
    [Anonymous Symbol]                       0x0800195c   Section        0  stm32f3xx_hal_hrtim.o(.text.HAL_HRTIM_CounterResetCallback)
    [Anonymous Symbol]                       0x08001968   Section        0  stm32f3xx_hal_hrtim.o(.text.HAL_HRTIM_DLLCalibrationReadyCallback)
    [Anonymous Symbol]                       0x08001970   Section        0  stm32f3xx_hal_hrtim.o(.text.HAL_HRTIM_DLLCalibrationStart)
    [Anonymous Symbol]                       0x08001a1c   Section        0  stm32f3xx_hal_hrtim.o(.text.HAL_HRTIM_DelayedProtectionCallback)
    [Anonymous Symbol]                       0x08001a28   Section        0  stm32f3xx_hal_hrtim.o(.text.HAL_HRTIM_EventPrescalerConfig)
    [Anonymous Symbol]                       0x08001aa8   Section        0  stm32f3xx_hal_hrtim.o(.text.HAL_HRTIM_Fault1Callback)
    [Anonymous Symbol]                       0x08001ab0   Section        0  stm32f3xx_hal_hrtim.o(.text.HAL_HRTIM_Fault2Callback)
    [Anonymous Symbol]                       0x08001ab8   Section        0  stm32f3xx_hal_hrtim.o(.text.HAL_HRTIM_Fault3Callback)
    [Anonymous Symbol]                       0x08001ac0   Section        0  stm32f3xx_hal_hrtim.o(.text.HAL_HRTIM_Fault4Callback)
    [Anonymous Symbol]                       0x08001ac8   Section        0  stm32f3xx_hal_hrtim.o(.text.HAL_HRTIM_Fault5Callback)
    [Anonymous Symbol]                       0x08001ad0   Section        0  stm32f3xx_hal_hrtim.o(.text.HAL_HRTIM_IRQHandler)
    [Anonymous Symbol]                       0x08001b08   Section        0  stm32f3xx_hal_hrtim.o(.text.HAL_HRTIM_Init)
    [Anonymous Symbol]                       0x08001ca4   Section        0  hrtim.o(.text.HAL_HRTIM_MspInit)
    [Anonymous Symbol]                       0x08001cf4   Section        0  hrtim.o(.text.HAL_HRTIM_MspPostInit)
    [Anonymous Symbol]                       0x08001d5c   Section        0  stm32f3xx_hal_hrtim.o(.text.HAL_HRTIM_Output1ResetCallback)
    [Anonymous Symbol]                       0x08001d68   Section        0  stm32f3xx_hal_hrtim.o(.text.HAL_HRTIM_Output1SetCallback)
    [Anonymous Symbol]                       0x08001d74   Section        0  stm32f3xx_hal_hrtim.o(.text.HAL_HRTIM_Output2ResetCallback)
    [Anonymous Symbol]                       0x08001d80   Section        0  stm32f3xx_hal_hrtim.o(.text.HAL_HRTIM_Output2SetCallback)
    [Anonymous Symbol]                       0x08001d8c   Section        0  stm32f3xx_hal_hrtim.o(.text.HAL_HRTIM_PollForDLLCalibration)
    [Anonymous Symbol]                       0x08001e08   Section        0  stm32f3xx_hal_hrtim.o(.text.HAL_HRTIM_RegistersUpdateCallback)
    [Anonymous Symbol]                       0x08001e14   Section        0  stm32f3xx_hal_hrtim.o(.text.HAL_HRTIM_RepetitionEventCallback)
    [Anonymous Symbol]                       0x08001e20   Section        0  stm32f3xx_hal_hrtim.o(.text.HAL_HRTIM_SynchronizationEventCallback)
    [Anonymous Symbol]                       0x08001e28   Section        0  stm32f3xx_hal_hrtim.o(.text.HAL_HRTIM_SystemFaultCallback)
    [Anonymous Symbol]                       0x08001e30   Section        0  stm32f3xx_hal_hrtim.o(.text.HAL_HRTIM_TimeBaseConfig)
    [Anonymous Symbol]                       0x08001e8c   Section        0  stm32f3xx_hal_hrtim.o(.text.HAL_HRTIM_WaveformCompareConfig)
    [Anonymous Symbol]                       0x0800214c   Section        0  stm32f3xx_hal_hrtim.o(.text.HAL_HRTIM_WaveformCountStart_IT)
    [Anonymous Symbol]                       0x08002230   Section        0  stm32f3xx_hal_hrtim.o(.text.HAL_HRTIM_WaveformCountStop_IT)
    [Anonymous Symbol]                       0x0800232c   Section        0  stm32f3xx_hal_hrtim.o(.text.HAL_HRTIM_WaveformOutputConfig)
    [Anonymous Symbol]                       0x080023a8   Section        0  stm32f3xx_hal_hrtim.o(.text.HAL_HRTIM_WaveformOutputStart)
    [Anonymous Symbol]                       0x0800240c   Section        0  stm32f3xx_hal_hrtim.o(.text.HAL_HRTIM_WaveformOutputStop)
    [Anonymous Symbol]                       0x08002470   Section        0  stm32f3xx_hal_hrtim.o(.text.HAL_HRTIM_WaveformTimerConfig)
    [Anonymous Symbol]                       0x0800255c   Section        0  stm32f3xx_hal.o(.text.HAL_IncTick)
    [Anonymous Symbol]                       0x08002578   Section        0  stm32f3xx_hal.o(.text.HAL_Init)
    [Anonymous Symbol]                       0x080025a0   Section        0  stm32f3xx_hal.o(.text.HAL_InitTick)
    [Anonymous Symbol]                       0x08002610   Section        0  stm32f3xx_hal_msp.o(.text.HAL_MspInit)
    [Anonymous Symbol]                       0x08002654   Section        0  stm32f3xx_hal_cortex.o(.text.HAL_NVIC_EnableIRQ)
    [Anonymous Symbol]                       0x08002668   Section        0  stm32f3xx_hal_cortex.o(.text.HAL_NVIC_SetPriority)
    [Anonymous Symbol]                       0x0800269c   Section        0  stm32f3xx_hal_cortex.o(.text.HAL_NVIC_SetPriorityGrouping)
    [Anonymous Symbol]                       0x080026ac   Section        0  stm32f3xx_hal_rcc_ex.o(.text.HAL_RCCEx_PeriphCLKConfig)
    [Anonymous Symbol]                       0x08002930   Section        0  stm32f3xx_hal_rcc.o(.text.HAL_RCC_ClockConfig)
    [Anonymous Symbol]                       0x08002c3c   Section        0  stm32f3xx_hal_rcc.o(.text.HAL_RCC_GetHCLKFreq)
    [Anonymous Symbol]                       0x08002c48   Section        0  stm32f3xx_hal_rcc.o(.text.HAL_RCC_GetSysClockFreq)
    [Anonymous Symbol]                       0x08002d0c   Section        0  stm32f3xx_hal_rcc.o(.text.HAL_RCC_OscConfig)
    [Anonymous Symbol]                       0x0800377c   Section        0  stm32f3xx_hal_cortex.o(.text.HAL_SYSTICK_CLKSourceConfig)
    [Anonymous Symbol]                       0x080037b0   Section        0  stm32f3xx_hal_cortex.o(.text.HAL_SYSTICK_Callback)
    [Anonymous Symbol]                       0x080037b4   Section        0  stm32f3xx_hal_cortex.o(.text.HAL_SYSTICK_Config)
    [Anonymous Symbol]                       0x080037c4   Section        0  stm32f3xx_hal_cortex.o(.text.HAL_SYSTICK_IRQHandler)
    [Anonymous Symbol]                       0x080037cc   Section        0  stm32f3xx_hal_tim_ex.o(.text.HAL_TIMEx_MasterConfigSynchronization)
    [Anonymous Symbol]                       0x080038d0   Section        0  stm32f3xx_hal_tim.o(.text.HAL_TIM_Encoder_Init)
    [Anonymous Symbol]                       0x08003a04   Section        0  tim.o(.text.HAL_TIM_Encoder_MspInit)
    [Anonymous Symbol]                       0x08003acc   Section        0  stm32f3xx_hal_tim.o(.text.HAL_TIM_Encoder_Start)
    [Anonymous Symbol]                       0x08003c1c   Section        0  stm32f3xx_it.o(.text.HRTIM1_TIMA_IRQHandler)
    HRTIM_ForceRegistersUpdate               0x08003c35   Thumb Code   140  stm32f3xx_hal_hrtim.o(.text.HRTIM_ForceRegistersUpdate)
    [Anonymous Symbol]                       0x08003c34   Section        0  stm32f3xx_hal_hrtim.o(.text.HRTIM_ForceRegistersUpdate)
    HRTIM_HRTIM_ISR                          0x08003cc1   Thumb Code   290  stm32f3xx_hal_hrtim.o(.text.HRTIM_HRTIM_ISR)
    [Anonymous Symbol]                       0x08003cc0   Section        0  stm32f3xx_hal_hrtim.o(.text.HRTIM_HRTIM_ISR)
    HRTIM_MasterBase_Config                  0x08003de5   Thumb Code    82  stm32f3xx_hal_hrtim.o(.text.HRTIM_MasterBase_Config)
    [Anonymous Symbol]                       0x08003de4   Section        0  stm32f3xx_hal_hrtim.o(.text.HRTIM_MasterBase_Config)
    HRTIM_MasterWaveform_Config              0x08003e39   Thumb Code   192  stm32f3xx_hal_hrtim.o(.text.HRTIM_MasterWaveform_Config)
    [Anonymous Symbol]                       0x08003e38   Section        0  stm32f3xx_hal_hrtim.o(.text.HRTIM_MasterWaveform_Config)
    HRTIM_Master_ISR                         0x08003ef9   Thumb Code   456  stm32f3xx_hal_hrtim.o(.text.HRTIM_Master_ISR)
    [Anonymous Symbol]                       0x08003ef8   Section        0  stm32f3xx_hal_hrtim.o(.text.HRTIM_Master_ISR)
    HRTIM_OutputConfig                       0x080040c1   Thumb Code   380  stm32f3xx_hal_hrtim.o(.text.HRTIM_OutputConfig)
    [Anonymous Symbol]                       0x080040c0   Section        0  stm32f3xx_hal_hrtim.o(.text.HRTIM_OutputConfig)
    HRTIM_Timer_ISR                          0x0800423d   Thumb Code   778  stm32f3xx_hal_hrtim.o(.text.HRTIM_Timer_ISR)
    [Anonymous Symbol]                       0x0800423c   Section        0  stm32f3xx_hal_hrtim.o(.text.HRTIM_Timer_ISR)
    HRTIM_TimingUnitBase_Config              0x08004549   Thumb Code   116  stm32f3xx_hal_hrtim.o(.text.HRTIM_TimingUnitBase_Config)
    [Anonymous Symbol]                       0x08004548   Section        0  stm32f3xx_hal_hrtim.o(.text.HRTIM_TimingUnitBase_Config)
    HRTIM_TimingUnitWaveform_Config          0x080045bd   Thumb Code   618  stm32f3xx_hal_hrtim.o(.text.HRTIM_TimingUnitWaveform_Config)
    [Anonymous Symbol]                       0x080045bc   Section        0  stm32f3xx_hal_hrtim.o(.text.HRTIM_TimingUnitWaveform_Config)
    [Anonymous Symbol]                       0x08004828   Section        0  stm32f3xx_it.o(.text.HardFault_Handler)
    [Anonymous Symbol]                       0x0800482c   Section        0  adc.o(.text.MX_ADC1_Init)
    [Anonymous Symbol]                       0x08004900   Section        0  gpio.o(.text.MX_GPIO_Init)
    [Anonymous Symbol]                       0x080049d4   Section        0  hrtim.o(.text.MX_HRTIM1_Init)
    [Anonymous Symbol]                       0x08004c04   Section        0  tim.o(.text.MX_TIM2_Init)
    [Anonymous Symbol]                       0x08004c90   Section        0  stm32f3xx_it.o(.text.MemManage_Handler)
    [Anonymous Symbol]                       0x08004c94   Section        0  stm32f3xx_it.o(.text.NMI_Handler)
    NVIC_EncodePriority                      0x08004c99   Thumb Code   108  stm32f3xx_hal_cortex.o(.text.NVIC_EncodePriority)
    [Anonymous Symbol]                       0x08004c98   Section        0  stm32f3xx_hal_cortex.o(.text.NVIC_EncodePriority)
    [Anonymous Symbol]                       0x08004d04   Section        0  stm32f3xx_it.o(.text.PendSV_Handler)
    [Anonymous Symbol]                       0x08004d08   Section        0  stm32f3xx_it.o(.text.SVC_Handler)
    SysTick_Config                           0x08004d0d   Thumb Code    82  stm32f3xx_hal_cortex.o(.text.SysTick_Config)
    [Anonymous Symbol]                       0x08004d0c   Section        0  stm32f3xx_hal_cortex.o(.text.SysTick_Config)
    [Anonymous Symbol]                       0x08004d60   Section        0  stm32f3xx_it.o(.text.SysTick_Handler)
    [Anonymous Symbol]                       0x08004d70   Section        0  main.o(.text.SystemClock_Config)
    [Anonymous Symbol]                       0x08004e14   Section        0  system_stm32f3xx.o(.text.SystemInit)
    [Anonymous Symbol]                       0x08004e28   Section        0  stm32f3xx_hal_tim.o(.text.TIM_Base_SetConfig)
    [Anonymous Symbol]                       0x08004f58   Section        0  stm32f3xx_hal_tim.o(.text.TIM_CCxChannelCmd)
    [Anonymous Symbol]                       0x08004f90   Section        0  stm32f3xx_it.o(.text.UsageFault_Handler)
    __NVIC_EnableIRQ                         0x08004f95   Thumb Code    48  stm32f3xx_hal_cortex.o(.text.__NVIC_EnableIRQ)
    [Anonymous Symbol]                       0x08004f94   Section        0  stm32f3xx_hal_cortex.o(.text.__NVIC_EnableIRQ)
    __NVIC_GetPriorityGrouping               0x08004fc5   Thumb Code    16  stm32f3xx_hal_cortex.o(.text.__NVIC_GetPriorityGrouping)
    [Anonymous Symbol]                       0x08004fc4   Section        0  stm32f3xx_hal_cortex.o(.text.__NVIC_GetPriorityGrouping)
    __NVIC_SetPriority                       0x08004fd5   Thumb Code    66  stm32f3xx_hal_cortex.o(.text.__NVIC_SetPriority)
    [Anonymous Symbol]                       0x08004fd4   Section        0  stm32f3xx_hal_cortex.o(.text.__NVIC_SetPriority)
    __NVIC_SetPriorityGrouping               0x08005019   Thumb Code    60  stm32f3xx_hal_cortex.o(.text.__NVIC_SetPriorityGrouping)
    [Anonymous Symbol]                       0x08005018   Section        0  stm32f3xx_hal_cortex.o(.text.__NVIC_SetPriorityGrouping)
    [Anonymous Symbol]                       0x08005054   Section        0  soft.o(.text.checkPulse)
    [Anonymous Symbol]                       0x08005110   Section        0  soft.o(.text.iOutCalc)
    [Anonymous Symbol]                       0x0800516c   Section        0  soft.o(.text.inInit)
    [Anonymous Symbol]                       0x08005290   Section        0  soft.o(.text.inMain)
    [Anonymous Symbol]                       0x08005314   Section        0  soft.o(.text.inSysT)
    [Anonymous Symbol]                       0x08005514   Section        0  soft.o(.text.inSysTConfig)
    [Anonymous Symbol]                       0x08005540   Section        0  soft.o(.text.inTimH_impulse)
    [Anonymous Symbol]                       0x080059e8   Section        0  main.o(.text.main)
    [Anonymous Symbol]                       0x08005a14   Section        0  soft.o(.text.uOutCalc)
    $v0                                      0x08005a72   Number         0  fpinit.o(x$fpl$fpinit)
    x$fpl$fpinit                             0x08005a72   Section       26  fpinit.o(x$fpl$fpinit)
    TimerIdxToTimerId                        0x20000004   Data          24  stm32f3xx_hal_hrtim.o(.data.TimerIdxToTimerId)
    [Anonymous Symbol]                       0x20000004   Section        0  stm32f3xx_hal_hrtim.o(.data.TimerIdxToTimerId)
    .bss                                     0x20000028   Section       96  libspace.o(.bss)
    Heap_Mem                                 0x20000268   Data         512  startup_stm32f334x8.o(HEAP)
    HEAP                                     0x20000268   Section      512  startup_stm32f334x8.o(HEAP)
    Stack_Mem                                0x20000468   Data        1024  startup_stm32f334x8.o(STACK)
    STACK                                    0x20000468   Section     1024  startup_stm32f334x8.o(STACK)
    __initial_sp                             0x20000868   Data           0  startup_stm32f334x8.o(STACK)

    Global Symbols

    Symbol Name                              Value     Ov Type        Size  Object(Section)

    BuildAttributes$$THM_ISAv4$E$P$D$K$B$S$7EM$VFPi3$EXTD16$VFPS$VFMA$PE$A:L22UL41UL21$X:L11$S22US41US21$IEEE1$IW$~IW$USESV6$~STKCKD$USESV7$~SHL$OSPACE$ROPI$EBA8$UX$STANDARDLIB$REQ8$PRES8$EABIv2 0x00000000   Number         0  anon$$obj.o ABSOLUTE
    __ARM_exceptions_init                     - Undefined Weak Reference
    __alloca_initialize                       - Undefined Weak Reference
    __arm_preinit_                            - Undefined Weak Reference
    __cpp_initialize__aeabi_                  - Undefined Weak Reference
    __cxa_finalize                            - Undefined Weak Reference
    __rt_locale                               - Undefined Weak Reference
    __sigvec_lookup                           - Undefined Weak Reference
    _atexit_init                              - Undefined Weak Reference
    _call_atexit_fns                          - Undefined Weak Reference
    _clock_init                               - Undefined Weak Reference
    _fp_trap_init                             - Undefined Weak Reference
    _fp_trap_shutdown                         - Undefined Weak Reference
    _get_lc_collate                           - Undefined Weak Reference
    _get_lc_ctype                             - Undefined Weak Reference
    _get_lc_monetary                          - Undefined Weak Reference
    _get_lc_numeric                           - Undefined Weak Reference
    _get_lc_time                              - Undefined Weak Reference
    _getenv_init                              - Undefined Weak Reference
    _handle_redirection                       - Undefined Weak Reference
    _init_alloc                               - Undefined Weak Reference
    _init_user_alloc                          - Undefined Weak Reference
    _initio                                   - Undefined Weak Reference
    _rand_init                                - Undefined Weak Reference
    _signal_finish                            - Undefined Weak Reference
    _signal_init                              - Undefined Weak Reference
    _terminate_alloc                          - Undefined Weak Reference
    _terminate_user_alloc                     - Undefined Weak Reference
    _terminateio                              - Undefined Weak Reference
    __Vectors_Size                           0x00000188   Number         0  startup_stm32f334x8.o ABSOLUTE
    __Vectors                                0x08000000   Data           4  startup_stm32f334x8.o(RESET)
    __Vectors_End                            0x08000188   Data           0  startup_stm32f334x8.o(RESET)
    __main                                   0x08000189   Thumb Code     8  __main.o(!!!main)
    __scatterload                            0x08000191   Thumb Code     0  __scatter.o(!!!scatter)
    __scatterload_rt2                        0x08000191   Thumb Code    44  __scatter.o(!!!scatter)
    __scatterload_rt2_thumb_only             0x08000191   Thumb Code     0  __scatter.o(!!!scatter)
    __scatterload_null                       0x0800019f   Thumb Code     0  __scatter.o(!!!scatter)
    __scatterload_copy                       0x080001c5   Thumb Code    26  __scatter_copy.o(!!handler_copy)
    __scatterload_zeroinit                   0x080001e1   Thumb Code    28  __scatter_zi.o(!!handler_zi)
    __rt_lib_init                            0x080001fd   Thumb Code     0  libinit.o(.ARM.Collect$$libinit$$00000000)
    __rt_lib_init_fp_1                       0x080001ff   Thumb Code     0  libinit2.o(.ARM.Collect$$libinit$$00000001)
    __rt_lib_init_alloca_1                   0x08000203   Thumb Code     0  libinit2.o(.ARM.Collect$$libinit$$0000002E)
    __rt_lib_init_argv_1                     0x08000203   Thumb Code     0  libinit2.o(.ARM.Collect$$libinit$$0000002C)
    __rt_lib_init_atexit_1                   0x08000203   Thumb Code     0  libinit2.o(.ARM.Collect$$libinit$$0000001B)
    __rt_lib_init_clock_1                    0x08000203   Thumb Code     0  libinit2.o(.ARM.Collect$$libinit$$00000021)
    __rt_lib_init_cpp_1                      0x08000203   Thumb Code     0  libinit2.o(.ARM.Collect$$libinit$$00000032)
    __rt_lib_init_exceptions_1               0x08000203   Thumb Code     0  libinit2.o(.ARM.Collect$$libinit$$00000030)
    __rt_lib_init_fp_trap_1                  0x08000203   Thumb Code     0  libinit2.o(.ARM.Collect$$libinit$$0000001F)
    __rt_lib_init_getenv_1                   0x08000203   Thumb Code     0  libinit2.o(.ARM.Collect$$libinit$$00000023)
    __rt_lib_init_heap_1                     0x08000203   Thumb Code     0  libinit2.o(.ARM.Collect$$libinit$$0000000A)
    __rt_lib_init_lc_collate_1               0x08000203   Thumb Code     0  libinit2.o(.ARM.Collect$$libinit$$00000011)
    __rt_lib_init_lc_ctype_1                 0x08000203   Thumb Code     0  libinit2.o(.ARM.Collect$$libinit$$00000013)
    __rt_lib_init_lc_monetary_1              0x08000203   Thumb Code     0  libinit2.o(.ARM.Collect$$libinit$$00000015)
    __rt_lib_init_lc_numeric_1               0x08000203   Thumb Code     0  libinit2.o(.ARM.Collect$$libinit$$00000017)
    __rt_lib_init_lc_time_1                  0x08000203   Thumb Code     0  libinit2.o(.ARM.Collect$$libinit$$00000019)
    __rt_lib_init_preinit_1                  0x08000203   Thumb Code     0  libinit2.o(.ARM.Collect$$libinit$$00000004)
    __rt_lib_init_rand_1                     0x08000203   Thumb Code     0  libinit2.o(.ARM.Collect$$libinit$$0000000E)
    __rt_lib_init_return                     0x08000203   Thumb Code     0  libinit2.o(.ARM.Collect$$libinit$$00000033)
    __rt_lib_init_signal_1                   0x08000203   Thumb Code     0  libinit2.o(.ARM.Collect$$libinit$$0000001D)
    __rt_lib_init_stdio_1                    0x08000203   Thumb Code     0  libinit2.o(.ARM.Collect$$libinit$$00000025)
    __rt_lib_init_user_alloc_1               0x08000203   Thumb Code     0  libinit2.o(.ARM.Collect$$libinit$$0000000C)
    __rt_lib_shutdown                        0x08000205   Thumb Code     0  libshutdown.o(.ARM.Collect$$libshutdown$$00000000)
    __rt_lib_shutdown_cpp_1                  0x08000207   Thumb Code     0  libshutdown2.o(.ARM.Collect$$libshutdown$$00000002)
    __rt_lib_shutdown_fp_trap_1              0x08000207   Thumb Code     0  libshutdown2.o(.ARM.Collect$$libshutdown$$00000007)
    __rt_lib_shutdown_heap_1                 0x08000207   Thumb Code     0  libshutdown2.o(.ARM.Collect$$libshutdown$$0000000F)
    __rt_lib_shutdown_return                 0x08000207   Thumb Code     0  libshutdown2.o(.ARM.Collect$$libshutdown$$00000010)
    __rt_lib_shutdown_signal_1               0x08000207   Thumb Code     0  libshutdown2.o(.ARM.Collect$$libshutdown$$0000000A)
    __rt_lib_shutdown_stdio_1                0x08000207   Thumb Code     0  libshutdown2.o(.ARM.Collect$$libshutdown$$00000004)
    __rt_lib_shutdown_user_alloc_1           0x08000207   Thumb Code     0  libshutdown2.o(.ARM.Collect$$libshutdown$$0000000C)
    __rt_entry                               0x08000209   Thumb Code     0  __rtentry.o(.ARM.Collect$$rtentry$$00000000)
    __rt_entry_presh_1                       0x08000209   Thumb Code     0  __rtentry2.o(.ARM.Collect$$rtentry$$00000002)
    __rt_entry_sh                            0x08000209   Thumb Code     0  __rtentry4.o(.ARM.Collect$$rtentry$$00000004)
    __rt_entry_li                            0x0800020f   Thumb Code     0  __rtentry2.o(.ARM.Collect$$rtentry$$0000000A)
    __rt_entry_postsh_1                      0x0800020f   Thumb Code     0  __rtentry2.o(.ARM.Collect$$rtentry$$00000009)
    __rt_entry_main                          0x08000213   Thumb Code     0  __rtentry2.o(.ARM.Collect$$rtentry$$0000000D)
    __rt_entry_postli_1                      0x08000213   Thumb Code     0  __rtentry2.o(.ARM.Collect$$rtentry$$0000000C)
    __rt_exit                                0x0800021b   Thumb Code     0  rtexit.o(.ARM.Collect$$rtexit$$00000000)
    __rt_exit_ls                             0x0800021d   Thumb Code     0  rtexit2.o(.ARM.Collect$$rtexit$$00000003)
    __rt_exit_prels_1                        0x0800021d   Thumb Code     0  rtexit2.o(.ARM.Collect$$rtexit$$00000002)
    __rt_exit_exit                           0x08000221   Thumb Code     0  rtexit2.o(.ARM.Collect$$rtexit$$00000004)
    Reset_Handler                            0x08000229   Thumb Code     8  startup_stm32f334x8.o(.text)
    ADC1_2_IRQHandler                        0x08000243   Thumb Code     0  startup_stm32f334x8.o(.text)
    CAN_RX0_IRQHandler                       0x08000243   Thumb Code     0  startup_stm32f334x8.o(.text)
    CAN_RX1_IRQHandler                       0x08000243   Thumb Code     0  startup_stm32f334x8.o(.text)
    CAN_SCE_IRQHandler                       0x08000243   Thumb Code     0  startup_stm32f334x8.o(.text)
    CAN_TX_IRQHandler                        0x08000243   Thumb Code     0  startup_stm32f334x8.o(.text)
    COMP2_IRQHandler                         0x08000243   Thumb Code     0  startup_stm32f334x8.o(.text)
    COMP4_6_IRQHandler                       0x08000243   Thumb Code     0  startup_stm32f334x8.o(.text)
    DMA1_Channel1_IRQHandler                 0x08000243   Thumb Code     0  startup_stm32f334x8.o(.text)
    DMA1_Channel2_IRQHandler                 0x08000243   Thumb Code     0  startup_stm32f334x8.o(.text)
    DMA1_Channel3_IRQHandler                 0x08000243   Thumb Code     0  startup_stm32f334x8.o(.text)
    DMA1_Channel4_IRQHandler                 0x08000243   Thumb Code     0  startup_stm32f334x8.o(.text)
    DMA1_Channel5_IRQHandler                 0x08000243   Thumb Code     0  startup_stm32f334x8.o(.text)
    DMA1_Channel6_IRQHandler                 0x08000243   Thumb Code     0  startup_stm32f334x8.o(.text)
    DMA1_Channel7_IRQHandler                 0x08000243   Thumb Code     0  startup_stm32f334x8.o(.text)
    EXTI0_IRQHandler                         0x08000243   Thumb Code     0  startup_stm32f334x8.o(.text)
    EXTI15_10_IRQHandler                     0x08000243   Thumb Code     0  startup_stm32f334x8.o(.text)
    EXTI1_IRQHandler                         0x08000243   Thumb Code     0  startup_stm32f334x8.o(.text)
    EXTI2_TSC_IRQHandler                     0x08000243   Thumb Code     0  startup_stm32f334x8.o(.text)
    EXTI3_IRQHandler                         0x08000243   Thumb Code     0  startup_stm32f334x8.o(.text)
    EXTI4_IRQHandler                         0x08000243   Thumb Code     0  startup_stm32f334x8.o(.text)
    EXTI9_5_IRQHandler                       0x08000243   Thumb Code     0  startup_stm32f334x8.o(.text)
    FLASH_IRQHandler                         0x08000243   Thumb Code     0  startup_stm32f334x8.o(.text)
    FPU_IRQHandler                           0x08000243   Thumb Code     0  startup_stm32f334x8.o(.text)
    HRTIM1_FLT_IRQHandler                    0x08000243   Thumb Code     0  startup_stm32f334x8.o(.text)
    HRTIM1_Master_IRQHandler                 0x08000243   Thumb Code     0  startup_stm32f334x8.o(.text)
    HRTIM1_TIMB_IRQHandler                   0x08000243   Thumb Code     0  startup_stm32f334x8.o(.text)
    HRTIM1_TIMC_IRQHandler                   0x08000243   Thumb Code     0  startup_stm32f334x8.o(.text)
    HRTIM1_TIMD_IRQHandler                   0x08000243   Thumb Code     0  startup_stm32f334x8.o(.text)
    HRTIM1_TIME_IRQHandler                   0x08000243   Thumb Code     0  startup_stm32f334x8.o(.text)
    I2C1_ER_IRQHandler                       0x08000243   Thumb Code     0  startup_stm32f334x8.o(.text)
    I2C1_EV_IRQHandler                       0x08000243   Thumb Code     0  startup_stm32f334x8.o(.text)
    PVD_IRQHandler                           0x08000243   Thumb Code     0  startup_stm32f334x8.o(.text)
    RCC_IRQHandler                           0x08000243   Thumb Code     0  startup_stm32f334x8.o(.text)
    RTC_Alarm_IRQHandler                     0x08000243   Thumb Code     0  startup_stm32f334x8.o(.text)
    RTC_WKUP_IRQHandler                      0x08000243   Thumb Code     0  startup_stm32f334x8.o(.text)
    SPI1_IRQHandler                          0x08000243   Thumb Code     0  startup_stm32f334x8.o(.text)
    TAMP_STAMP_IRQHandler                    0x08000243   Thumb Code     0  startup_stm32f334x8.o(.text)
    TIM1_BRK_TIM15_IRQHandler                0x08000243   Thumb Code     0  startup_stm32f334x8.o(.text)
    TIM1_CC_IRQHandler                       0x08000243   Thumb Code     0  startup_stm32f334x8.o(.text)
    TIM1_TRG_COM_TIM17_IRQHandler            0x08000243   Thumb Code     0  startup_stm32f334x8.o(.text)
    TIM1_UP_TIM16_IRQHandler                 0x08000243   Thumb Code     0  startup_stm32f334x8.o(.text)
    TIM2_IRQHandler                          0x08000243   Thumb Code     0  startup_stm32f334x8.o(.text)
    TIM3_IRQHandler                          0x08000243   Thumb Code     0  startup_stm32f334x8.o(.text)
    TIM6_DAC1_IRQHandler                     0x08000243   Thumb Code     0  startup_stm32f334x8.o(.text)
    TIM7_DAC2_IRQHandler                     0x08000243   Thumb Code     0  startup_stm32f334x8.o(.text)
    USART1_IRQHandler                        0x08000243   Thumb Code     0  startup_stm32f334x8.o(.text)
    USART2_IRQHandler                        0x08000243   Thumb Code     0  startup_stm32f334x8.o(.text)
    USART3_IRQHandler                        0x08000243   Thumb Code     0  startup_stm32f334x8.o(.text)
    WWDG_IRQHandler                          0x08000243   Thumb Code     0  startup_stm32f334x8.o(.text)
    __user_initial_stackheap                 0x08000245   Thumb Code     0  startup_stm32f334x8.o(.text)
    __aeabi_uldivmod                         0x08000269   Thumb Code     0  lludivv7m.o(.text)
    _ll_udiv                                 0x08000269   Thumb Code   240  lludivv7m.o(.text)
    __aeabi_memclr4                          0x08000359   Thumb Code     0  rt_memclr_w.o(.text)
    __aeabi_memclr8                          0x08000359   Thumb Code     0  rt_memclr_w.o(.text)
    __rt_memclr_w                            0x08000359   Thumb Code     0  rt_memclr_w.o(.text)
    _memset_w                                0x0800035d   Thumb Code    74  rt_memclr_w.o(.text)
    __use_two_region_memory                  0x080003a7   Thumb Code     2  heapauxi.o(.text)
    __rt_heap_escrow$2region                 0x080003a9   Thumb Code     2  heapauxi.o(.text)
    __rt_heap_expand$2region                 0x080003ab   Thumb Code     2  heapauxi.o(.text)
    __user_setup_stackheap                   0x080003ad   Thumb Code    74  sys_stackheap_outer.o(.text)
    exit                                     0x080003f7   Thumb Code    18  exit.o(.text)
    __user_libspace                          0x08000409   Thumb Code     8  libspace.o(.text)
    __user_perproc_libspace                  0x08000409   Thumb Code     0  libspace.o(.text)
    __user_perthread_libspace                0x08000409   Thumb Code     0  libspace.o(.text)
    _sys_exit                                0x08000411   Thumb Code     8  sys_exit.o(.text)
    __I$use$semihosting                      0x0800041d   Thumb Code     0  use_no_semi.o(.text)
    __use_no_semihosting_swi                 0x0800041d   Thumb Code     2  use_no_semi.o(.text)
    __semihosting_library_function           0x0800041f   Thumb Code     0  indicate_semi.o(.text)
    BusFault_Handler                         0x080005c5   Thumb Code     4  stm32f3xx_it.o(.text.BusFault_Handler)
    DebugMon_Handler                         0x080005c9   Thumb Code     2  stm32f3xx_it.o(.text.DebugMon_Handler)
    Error_Handler                            0x080005cd   Thumb Code    14  main.o(.text.Error_Handler)
    HAL_ADCEx_Calibration_Start              0x080005dd   Thumb Code   254  stm32f3xx_hal_adc_ex.o(.text.HAL_ADCEx_Calibration_Start)
    HAL_ADCEx_InjectedConfigChannel          0x080006dd   Thumb Code  1580  stm32f3xx_hal_adc_ex.o(.text.HAL_ADCEx_InjectedConfigChannel)
    HAL_ADCEx_InjectedGetValue               0x08000d09   Thumb Code    88  stm32f3xx_hal_adc_ex.o(.text.HAL_ADCEx_InjectedGetValue)
    HAL_ADCEx_InjectedStart                  0x08000d61   Thumb Code   336  stm32f3xx_hal_adc_ex.o(.text.HAL_ADCEx_InjectedStart)
    HAL_ADCEx_MultiModeConfigChannel         0x08000eb1   Thumb Code   438  stm32f3xx_hal_adc_ex.o(.text.HAL_ADCEx_MultiModeConfigChannel)
    HAL_ADC_Init                             0x08001069   Thumb Code   830  stm32f3xx_hal_adc_ex.o(.text.HAL_ADC_Init)
    HAL_ADC_MspInit                          0x080013a9   Thumb Code   116  adc.o(.text.HAL_ADC_MspInit)
    HAL_GPIO_Init                            0x0800141d   Thumb Code   816  stm32f3xx_hal_gpio.o(.text.HAL_GPIO_Init)
    HAL_GPIO_ReadPin                         0x0800174d   Thumb Code    46  stm32f3xx_hal_gpio.o(.text.HAL_GPIO_ReadPin)
    HAL_GPIO_WritePin                        0x0800177d   Thumb Code    44  stm32f3xx_hal_gpio.o(.text.HAL_GPIO_WritePin)
    HAL_GetTick                              0x080017a9   Thumb Code    12  stm32f3xx_hal.o(.text.HAL_GetTick)
    HAL_HRTIM_ADCTriggerConfig               0x080017b5   Thumb Code   344  stm32f3xx_hal_hrtim.o(.text.HAL_HRTIM_ADCTriggerConfig)
    HAL_HRTIM_BurstModePeriodCallback        0x0800190d   Thumb Code     8  stm32f3xx_hal_hrtim.o(.text.HAL_HRTIM_BurstModePeriodCallback)
    HAL_HRTIM_Capture1EventCallback          0x08001915   Thumb Code    10  stm32f3xx_hal_hrtim.o(.text.HAL_HRTIM_Capture1EventCallback)
    HAL_HRTIM_Capture2EventCallback          0x08001921   Thumb Code    10  stm32f3xx_hal_hrtim.o(.text.HAL_HRTIM_Capture2EventCallback)
    HAL_HRTIM_Compare1EventCallback          0x0800192d   Thumb Code    10  stm32f3xx_hal_hrtim.o(.text.HAL_HRTIM_Compare1EventCallback)
    HAL_HRTIM_Compare2EventCallback          0x08001939   Thumb Code    10  stm32f3xx_hal_hrtim.o(.text.HAL_HRTIM_Compare2EventCallback)
    HAL_HRTIM_Compare3EventCallback          0x08001945   Thumb Code    10  stm32f3xx_hal_hrtim.o(.text.HAL_HRTIM_Compare3EventCallback)
    HAL_HRTIM_Compare4EventCallback          0x08001951   Thumb Code    10  stm32f3xx_hal_hrtim.o(.text.HAL_HRTIM_Compare4EventCallback)
    HAL_HRTIM_CounterResetCallback           0x0800195d   Thumb Code    10  stm32f3xx_hal_hrtim.o(.text.HAL_HRTIM_CounterResetCallback)
    HAL_HRTIM_DLLCalibrationReadyCallback    0x08001969   Thumb Code     8  stm32f3xx_hal_hrtim.o(.text.HAL_HRTIM_DLLCalibrationReadyCallback)
    HAL_HRTIM_DLLCalibrationStart            0x08001971   Thumb Code   172  stm32f3xx_hal_hrtim.o(.text.HAL_HRTIM_DLLCalibrationStart)
    HAL_HRTIM_DelayedProtectionCallback      0x08001a1d   Thumb Code    10  stm32f3xx_hal_hrtim.o(.text.HAL_HRTIM_DelayedProtectionCallback)
    HAL_HRTIM_EventPrescalerConfig           0x08001a29   Thumb Code   128  stm32f3xx_hal_hrtim.o(.text.HAL_HRTIM_EventPrescalerConfig)
    HAL_HRTIM_Fault1Callback                 0x08001aa9   Thumb Code     8  stm32f3xx_hal_hrtim.o(.text.HAL_HRTIM_Fault1Callback)
    HAL_HRTIM_Fault2Callback                 0x08001ab1   Thumb Code     8  stm32f3xx_hal_hrtim.o(.text.HAL_HRTIM_Fault2Callback)
    HAL_HRTIM_Fault3Callback                 0x08001ab9   Thumb Code     8  stm32f3xx_hal_hrtim.o(.text.HAL_HRTIM_Fault3Callback)
    HAL_HRTIM_Fault4Callback                 0x08001ac1   Thumb Code     8  stm32f3xx_hal_hrtim.o(.text.HAL_HRTIM_Fault4Callback)
    HAL_HRTIM_Fault5Callback                 0x08001ac9   Thumb Code     8  stm32f3xx_hal_hrtim.o(.text.HAL_HRTIM_Fault5Callback)
    HAL_HRTIM_IRQHandler                     0x08001ad1   Thumb Code    56  stm32f3xx_hal_hrtim.o(.text.HAL_HRTIM_IRQHandler)
    HAL_HRTIM_Init                           0x08001b09   Thumb Code   412  stm32f3xx_hal_hrtim.o(.text.HAL_HRTIM_Init)
    HAL_HRTIM_MspInit                        0x08001ca5   Thumb Code    78  hrtim.o(.text.HAL_HRTIM_MspInit)
    HAL_HRTIM_MspPostInit                    0x08001cf5   Thumb Code   104  hrtim.o(.text.HAL_HRTIM_MspPostInit)
    HAL_HRTIM_Output1ResetCallback           0x08001d5d   Thumb Code    10  stm32f3xx_hal_hrtim.o(.text.HAL_HRTIM_Output1ResetCallback)
    HAL_HRTIM_Output1SetCallback             0x08001d69   Thumb Code    10  stm32f3xx_hal_hrtim.o(.text.HAL_HRTIM_Output1SetCallback)
    HAL_HRTIM_Output2ResetCallback           0x08001d75   Thumb Code    10  stm32f3xx_hal_hrtim.o(.text.HAL_HRTIM_Output2ResetCallback)
    HAL_HRTIM_Output2SetCallback             0x08001d81   Thumb Code    10  stm32f3xx_hal_hrtim.o(.text.HAL_HRTIM_Output2SetCallback)
    HAL_HRTIM_PollForDLLCalibration          0x08001d8d   Thumb Code   124  stm32f3xx_hal_hrtim.o(.text.HAL_HRTIM_PollForDLLCalibration)
    HAL_HRTIM_RegistersUpdateCallback        0x08001e09   Thumb Code    10  stm32f3xx_hal_hrtim.o(.text.HAL_HRTIM_RegistersUpdateCallback)
    HAL_HRTIM_RepetitionEventCallback        0x08001e15   Thumb Code    10  stm32f3xx_hal_hrtim.o(.text.HAL_HRTIM_RepetitionEventCallback)
    HAL_HRTIM_SynchronizationEventCallback   0x08001e21   Thumb Code     8  stm32f3xx_hal_hrtim.o(.text.HAL_HRTIM_SynchronizationEventCallback)
    HAL_HRTIM_SystemFaultCallback            0x08001e29   Thumb Code     8  stm32f3xx_hal_hrtim.o(.text.HAL_HRTIM_SystemFaultCallback)
    HAL_HRTIM_TimeBaseConfig                 0x08001e31   Thumb Code    92  stm32f3xx_hal_hrtim.o(.text.HAL_HRTIM_TimeBaseConfig)
    HAL_HRTIM_WaveformCompareConfig          0x08001e8d   Thumb Code   704  stm32f3xx_hal_hrtim.o(.text.HAL_HRTIM_WaveformCompareConfig)
    HAL_HRTIM_WaveformCountStart_IT          0x0800214d   Thumb Code   228  stm32f3xx_hal_hrtim.o(.text.HAL_HRTIM_WaveformCountStart_IT)
    HAL_HRTIM_WaveformCountStop_IT           0x08002231   Thumb Code   252  stm32f3xx_hal_hrtim.o(.text.HAL_HRTIM_WaveformCountStop_IT)
    HAL_HRTIM_WaveformOutputConfig           0x0800232d   Thumb Code   122  stm32f3xx_hal_hrtim.o(.text.HAL_HRTIM_WaveformOutputConfig)
    HAL_HRTIM_WaveformOutputStart            0x080023a9   Thumb Code   100  stm32f3xx_hal_hrtim.o(.text.HAL_HRTIM_WaveformOutputStart)
    HAL_HRTIM_WaveformOutputStop             0x0800240d   Thumb Code   100  stm32f3xx_hal_hrtim.o(.text.HAL_HRTIM_WaveformOutputStop)
    HAL_HRTIM_WaveformTimerConfig            0x08002471   Thumb Code   236  stm32f3xx_hal_hrtim.o(.text.HAL_HRTIM_WaveformTimerConfig)
    HAL_IncTick                              0x0800255d   Thumb Code    26  stm32f3xx_hal.o(.text.HAL_IncTick)
    HAL_Init                                 0x08002579   Thumb Code    38  stm32f3xx_hal.o(.text.HAL_Init)
    HAL_InitTick                             0x080025a1   Thumb Code   112  stm32f3xx_hal.o(.text.HAL_InitTick)
    HAL_MspInit                              0x08002611   Thumb Code    66  stm32f3xx_hal_msp.o(.text.HAL_MspInit)
    HAL_NVIC_EnableIRQ                       0x08002655   Thumb Code    20  stm32f3xx_hal_cortex.o(.text.HAL_NVIC_EnableIRQ)
    HAL_NVIC_SetPriority                     0x08002669   Thumb Code    50  stm32f3xx_hal_cortex.o(.text.HAL_NVIC_SetPriority)
    HAL_NVIC_SetPriorityGrouping             0x0800269d   Thumb Code    16  stm32f3xx_hal_cortex.o(.text.HAL_NVIC_SetPriorityGrouping)
    HAL_RCCEx_PeriphCLKConfig                0x080026ad   Thumb Code   642  stm32f3xx_hal_rcc_ex.o(.text.HAL_RCCEx_PeriphCLKConfig)
    HAL_RCC_ClockConfig                      0x08002931   Thumb Code   778  stm32f3xx_hal_rcc.o(.text.HAL_RCC_ClockConfig)
    HAL_RCC_GetHCLKFreq                      0x08002c3d   Thumb Code    12  stm32f3xx_hal_rcc.o(.text.HAL_RCC_GetHCLKFreq)
    HAL_RCC_GetSysClockFreq                  0x08002c49   Thumb Code   194  stm32f3xx_hal_rcc.o(.text.HAL_RCC_GetSysClockFreq)
    HAL_RCC_OscConfig                        0x08002d0d   Thumb Code  2670  stm32f3xx_hal_rcc.o(.text.HAL_RCC_OscConfig)
    HAL_SYSTICK_CLKSourceConfig              0x0800377d   Thumb Code    52  stm32f3xx_hal_cortex.o(.text.HAL_SYSTICK_CLKSourceConfig)
    HAL_SYSTICK_Callback                     0x080037b1   Thumb Code     2  stm32f3xx_hal_cortex.o(.text.HAL_SYSTICK_Callback)
    HAL_SYSTICK_Config                       0x080037b5   Thumb Code    16  stm32f3xx_hal_cortex.o(.text.HAL_SYSTICK_Config)
    HAL_SYSTICK_IRQHandler                   0x080037c5   Thumb Code     8  stm32f3xx_hal_cortex.o(.text.HAL_SYSTICK_IRQHandler)
    HAL_TIMEx_MasterConfigSynchronization    0x080037cd   Thumb Code   258  stm32f3xx_hal_tim_ex.o(.text.HAL_TIMEx_MasterConfigSynchronization)
    HAL_TIM_Encoder_Init                     0x080038d1   Thumb Code   308  stm32f3xx_hal_tim.o(.text.HAL_TIM_Encoder_Init)
    HAL_TIM_Encoder_MspInit                  0x08003a05   Thumb Code   198  tim.o(.text.HAL_TIM_Encoder_MspInit)
    HAL_TIM_Encoder_Start                    0x08003acd   Thumb Code   334  stm32f3xx_hal_tim.o(.text.HAL_TIM_Encoder_Start)
    HRTIM1_TIMA_IRQHandler                   0x08003c1d   Thumb Code    22  stm32f3xx_it.o(.text.HRTIM1_TIMA_IRQHandler)
    HardFault_Handler                        0x08004829   Thumb Code     4  stm32f3xx_it.o(.text.HardFault_Handler)
    MX_ADC1_Init                             0x0800482d   Thumb Code   210  adc.o(.text.MX_ADC1_Init)
    MX_GPIO_Init                             0x08004901   Thumb Code   212  gpio.o(.text.MX_GPIO_Init)
    MX_HRTIM1_Init                           0x080049d5   Thumb Code   558  hrtim.o(.text.MX_HRTIM1_Init)
    MX_TIM2_Init                             0x08004c05   Thumb Code   138  tim.o(.text.MX_TIM2_Init)
    MemManage_Handler                        0x08004c91   Thumb Code     4  stm32f3xx_it.o(.text.MemManage_Handler)
    NMI_Handler                              0x08004c95   Thumb Code     4  stm32f3xx_it.o(.text.NMI_Handler)
    PendSV_Handler                           0x08004d05   Thumb Code     2  stm32f3xx_it.o(.text.PendSV_Handler)
    SVC_Handler                              0x08004d09   Thumb Code     2  stm32f3xx_it.o(.text.SVC_Handler)
    SysTick_Handler                          0x08004d61   Thumb Code    16  stm32f3xx_it.o(.text.SysTick_Handler)
    SystemClock_Config                       0x08004d71   Thumb Code   162  main.o(.text.SystemClock_Config)
    SystemInit                               0x08004e15   Thumb Code    18  system_stm32f3xx.o(.text.SystemInit)
    TIM_Base_SetConfig                       0x08004e29   Thumb Code   304  stm32f3xx_hal_tim.o(.text.TIM_Base_SetConfig)
    TIM_CCxChannelCmd                        0x08004f59   Thumb Code    54  stm32f3xx_hal_tim.o(.text.TIM_CCxChannelCmd)
    UsageFault_Handler                       0x08004f91   Thumb Code     4  stm32f3xx_it.o(.text.UsageFault_Handler)
    checkPulse                               0x08005055   Thumb Code   188  soft.o(.text.checkPulse)
    iOutCalc                                 0x08005111   Thumb Code    92  soft.o(.text.iOutCalc)
    inInit                                   0x0800516d   Thumb Code   290  soft.o(.text.inInit)
    inMain                                   0x08005291   Thumb Code   130  soft.o(.text.inMain)
    inSysT                                   0x08005315   Thumb Code   512  soft.o(.text.inSysT)
    inSysTConfig                             0x08005515   Thumb Code    44  soft.o(.text.inSysTConfig)
    inTimH_impulse                           0x08005541   Thumb Code  1190  soft.o(.text.inTimH_impulse)
    main                                     0x080059e9   Thumb Code    44  main.o(.text.main)
    uOutCalc                                 0x08005a15   Thumb Code    94  soft.o(.text.uOutCalc)
    _fp_init                                 0x08005a73   Thumb Code    26  fpinit.o(x$fpl$fpinit)
    __fplib_config_fpu_vfp                   0x08005a8b   Thumb Code     0  fpinit.o(x$fpl$fpinit)
    __fplib_config_pureend_doubles           0x08005a8b   Thumb Code     0  fpinit.o(x$fpl$fpinit)
    AHBPrescTable                            0x08005a8c   Data          16  system_stm32f3xx.o(.rodata.AHBPrescTable)
    aPLLMULFactorTable                       0x08005a9c   Data          16  stm32f3xx_hal_rcc.o(.rodata.aPLLMULFactorTable)
    aPredivFactorTable                       0x08005aac   Data          16  stm32f3xx_hal_rcc.o(.rodata.aPredivFactorTable)
    Region$$Table$$Base                      0x08005abc   Number         0  anon$$obj.o(Region$$Table)
    Region$$Table$$Limit                     0x08005adc   Number         0  anon$$obj.o(Region$$Table)
    SystemCoreClock                          0x20000000   Data           4  system_stm32f3xx.o(.data.SystemCoreClock)
    uwTickFreq                               0x2000001c   Data           1  stm32f3xx_hal.o(.data.uwTickFreq)
    uwTickPrio                               0x20000020   Data           4  stm32f3xx_hal.o(.data.uwTickPrio)
    __libspace_start                         0x20000028   Data          96  libspace.o(.bss)
    ADC_Data                                 0x20000088   Data           4  soft.o(.bss.ADC_Data)
    __temporary_stack_top$libspace           0x20000088   Data           0  libspace.o(.bss)
    Er_sost                                  0x2000008c   Data           2  soft.o(.bss.Er_sost)
    Err_pause                                0x2000008e   Data           2  soft.o(.bss.Err_pause)
    IZadVar                                  0x20000090   Data           2  soft.o(.bss.IZadVar)
    Um                                       0x20000094   Data           4  soft.o(.bss.Um)
    antiStick                                0x20000098   Data           1  soft.o(.bss.antiStick)
    antiStickCount                           0x2000009a   Data           2  soft.o(.bss.antiStickCount)
    antiStickCount2                          0x2000009c   Data           2  soft.o(.bss.antiStickCount2)
    cmpA1                                    0x200000a0   Data           4  soft.o(.bss.cmpA1)
    cmpA2                                    0x200000a4   Data           4  soft.o(.bss.cmpA2)
    cmpA3                                    0x200000a8   Data           4  soft.o(.bss.cmpA3)
    cmpA4                                    0x200000ac   Data           4  soft.o(.bss.cmpA4)
    cnti                                     0x200000b0   Data           4  soft.o(.bss.cnti)
    countSurge                               0x200000b4   Data           4  soft.o(.bss.countSurge)
    countSurgeMax                            0x200000b8   Data           4  soft.o(.bss.countSurgeMax)
    countSurgeMin                            0x200000bc   Data           4  soft.o(.bss.countSurgeMin)
    currentZad                               0x200000c0   Data           2  soft.o(.bss.currentZad)
    deltaPulse                               0x200000c4   Data           4  soft.o(.bss.deltaPulse)
    encVarNow                                0x200000c8   Data           1  soft.o(.bss.encVarNow)
    errorSum                                 0x200000cc   Data           4  soft.o(.bss.errorSum)
    hadc1                                    0x200000d0   Data          80  adc.o(.bss.hadc1)
    hhrtim1                                  0x20000120   Data         220  hrtim.o(.bss.hhrtim1)
    htim2                                    0x200001fc   Data          76  tim.o(.bss.htim2)
    iOut                                     0x20000248   Data           2  soft.o(.bss.iOut)
    inError                                  0x2000024a   Data           2  soft.o(.bss.inError)
    inWork                                   0x2000024c   Data           4  soft.o(.bss.inWork)
    nowError                                 0x20000250   Data           4  soft.o(.bss.nowError)
    pulse                                    0x20000254   Data           4  soft.o(.bss.pulse)
    pulseLast                                0x20000258   Data           4  soft.o(.bss.pulseLast)
    startOS                                  0x2000025c   Data           1  soft.o(.bss.startOS)
    uOut                                     0x2000025e   Data           2  soft.o(.bss.uOut)
    uwTick                                   0x20000260   Data           4  stm32f3xx_hal.o(.bss.uwTick)



==============================================================================

Memory Map of the image

  Image Entry point : 0x08000189

  Load Region LR_IROM1 (Base: 0x08000000, Size: 0x00005b08, Max: 0x00010000, ABSOLUTE)

    Execution Region ER_IROM1 (Exec base: 0x08000000, Load base: 0x08000000, Size: 0x00005adc, Max: 0x00010000, ABSOLUTE)

    Exec Addr    Load Addr    Size         Type   Attr      Idx    E Section Name        Object

    0x08000000   0x08000000   0x00000188   Data   RO            3    RESET               startup_stm32f334x8.o
    0x08000188   0x08000188   0x00000008   Code   RO         1668  * !!!main             c_w.l(__main.o)
    0x08000190   0x08000190   0x00000034   Code   RO         1843    !!!scatter          c_w.l(__scatter.o)
    0x080001c4   0x080001c4   0x0000001a   Code   RO         1845    !!handler_copy      c_w.l(__scatter_copy.o)
    0x080001de   0x080001de   0x00000002   PAD
    0x080001e0   0x080001e0   0x0000001c   Code   RO         1847    !!handler_zi        c_w.l(__scatter_zi.o)
    0x080001fc   0x080001fc   0x00000002   Code   RO         1707    .ARM.Collect$$libinit$$00000000  c_w.l(libinit.o)
    0x080001fe   0x080001fe   0x00000004   Code   RO         1719    .ARM.Collect$$libinit$$00000001  c_w.l(libinit2.o)
    0x08000202   0x08000202   0x00000000   Code   RO         1722    .ARM.Collect$$libinit$$00000004  c_w.l(libinit2.o)
    0x08000202   0x08000202   0x00000000   Code   RO         1725    .ARM.Collect$$libinit$$0000000A  c_w.l(libinit2.o)
    0x08000202   0x08000202   0x00000000   Code   RO         1727    .ARM.Collect$$libinit$$0000000C  c_w.l(libinit2.o)
    0x08000202   0x08000202   0x00000000   Code   RO         1729    .ARM.Collect$$libinit$$0000000E  c_w.l(libinit2.o)
    0x08000202   0x08000202   0x00000000   Code   RO         1732    .ARM.Collect$$libinit$$00000011  c_w.l(libinit2.o)
    0x08000202   0x08000202   0x00000000   Code   RO         1734    .ARM.Collect$$libinit$$00000013  c_w.l(libinit2.o)
    0x08000202   0x08000202   0x00000000   Code   RO         1736    .ARM.Collect$$libinit$$00000015  c_w.l(libinit2.o)
    0x08000202   0x08000202   0x00000000   Code   RO         1738    .ARM.Collect$$libinit$$00000017  c_w.l(libinit2.o)
    0x08000202   0x08000202   0x00000000   Code   RO         1740    .ARM.Collect$$libinit$$00000019  c_w.l(libinit2.o)
    0x08000202   0x08000202   0x00000000   Code   RO         1742    .ARM.Collect$$libinit$$0000001B  c_w.l(libinit2.o)
    0x08000202   0x08000202   0x00000000   Code   RO         1744    .ARM.Collect$$libinit$$0000001D  c_w.l(libinit2.o)
    0x08000202   0x08000202   0x00000000   Code   RO         1746    .ARM.Collect$$libinit$$0000001F  c_w.l(libinit2.o)
    0x08000202   0x08000202   0x00000000   Code   RO         1748    .ARM.Collect$$libinit$$00000021  c_w.l(libinit2.o)
    0x08000202   0x08000202   0x00000000   Code   RO         1750    .ARM.Collect$$libinit$$00000023  c_w.l(libinit2.o)
    0x08000202   0x08000202   0x00000000   Code   RO         1752    .ARM.Collect$$libinit$$00000025  c_w.l(libinit2.o)
    0x08000202   0x08000202   0x00000000   Code   RO         1756    .ARM.Collect$$libinit$$0000002C  c_w.l(libinit2.o)
    0x08000202   0x08000202   0x00000000   Code   RO         1758    .ARM.Collect$$libinit$$0000002E  c_w.l(libinit2.o)
    0x08000202   0x08000202   0x00000000   Code   RO         1760    .ARM.Collect$$libinit$$00000030  c_w.l(libinit2.o)
    0x08000202   0x08000202   0x00000000   Code   RO         1762    .ARM.Collect$$libinit$$00000032  c_w.l(libinit2.o)
    0x08000202   0x08000202   0x00000002   Code   RO         1763    .ARM.Collect$$libinit$$00000033  c_w.l(libinit2.o)
    0x08000204   0x08000204   0x00000002   Code   RO         1798    .ARM.Collect$$libshutdown$$00000000  c_w.l(libshutdown.o)
    0x08000206   0x08000206   0x00000000   Code   RO         1826    .ARM.Collect$$libshutdown$$00000002  c_w.l(libshutdown2.o)
    0x08000206   0x08000206   0x00000000   Code   RO         1828    .ARM.Collect$$libshutdown$$00000004  c_w.l(libshutdown2.o)
    0x08000206   0x08000206   0x00000000   Code   RO         1831    .ARM.Collect$$libshutdown$$00000007  c_w.l(libshutdown2.o)
    0x08000206   0x08000206   0x00000000   Code   RO         1834    .ARM.Collect$$libshutdown$$0000000A  c_w.l(libshutdown2.o)
    0x08000206   0x08000206   0x00000000   Code   RO         1836    .ARM.Collect$$libshutdown$$0000000C  c_w.l(libshutdown2.o)
    0x08000206   0x08000206   0x00000000   Code   RO         1839    .ARM.Collect$$libshutdown$$0000000F  c_w.l(libshutdown2.o)
    0x08000206   0x08000206   0x00000002   Code   RO         1840    .ARM.Collect$$libshutdown$$00000010  c_w.l(libshutdown2.o)
    0x08000208   0x08000208   0x00000000   Code   RO         1670    .ARM.Collect$$rtentry$$00000000  c_w.l(__rtentry.o)
    0x08000208   0x08000208   0x00000000   Code   RO         1678    .ARM.Collect$$rtentry$$00000002  c_w.l(__rtentry2.o)
    0x08000208   0x08000208   0x00000006   Code   RO         1690    .ARM.Collect$$rtentry$$00000004  c_w.l(__rtentry4.o)
    0x0800020e   0x0800020e   0x00000000   Code   RO         1680    .ARM.Collect$$rtentry$$00000009  c_w.l(__rtentry2.o)
    0x0800020e   0x0800020e   0x00000004   Code   RO         1681    .ARM.Collect$$rtentry$$0000000A  c_w.l(__rtentry2.o)
    0x08000212   0x08000212   0x00000000   Code   RO         1683    .ARM.Collect$$rtentry$$0000000C  c_w.l(__rtentry2.o)
    0x08000212   0x08000212   0x00000008   Code   RO         1684    .ARM.Collect$$rtentry$$0000000D  c_w.l(__rtentry2.o)
    0x0800021a   0x0800021a   0x00000002   Code   RO         1711    .ARM.Collect$$rtexit$$00000000  c_w.l(rtexit.o)
    0x0800021c   0x0800021c   0x00000000   Code   RO         1769    .ARM.Collect$$rtexit$$00000002  c_w.l(rtexit2.o)
    0x0800021c   0x0800021c   0x00000004   Code   RO         1770    .ARM.Collect$$rtexit$$00000003  c_w.l(rtexit2.o)
    0x08000220   0x08000220   0x00000006   Code   RO         1771    .ARM.Collect$$rtexit$$00000004  c_w.l(rtexit2.o)
    0x08000226   0x08000226   0x00000002   PAD
    0x08000228   0x08000228   0x00000040   Code   RO            4    .text               startup_stm32f334x8.o
    0x08000268   0x08000268   0x000000f0   Code   RO         1660    .text               c_w.l(lludivv7m.o)
    0x08000358   0x08000358   0x0000004e   Code   RO         1664    .text               c_w.l(rt_memclr_w.o)
    0x080003a6   0x080003a6   0x00000006   Code   RO         1666    .text               c_w.l(heapauxi.o)
    0x080003ac   0x080003ac   0x0000004a   Code   RO         1694    .text               c_w.l(sys_stackheap_outer.o)
    0x080003f6   0x080003f6   0x00000012   Code   RO         1696    .text               c_w.l(exit.o)
    0x08000408   0x08000408   0x00000008   Code   RO         1708    .text               c_w.l(libspace.o)
    0x08000410   0x08000410   0x0000000c   Code   RO         1764    .text               c_w.l(sys_exit.o)
    0x0800041c   0x0800041c   0x00000002   Code   RO         1787    .text               c_w.l(use_no_semi.o)
    0x0800041e   0x0800041e   0x00000000   Code   RO         1789    .text               c_w.l(indicate_semi.o)
    0x0800041e   0x0800041e   0x00000002   PAD
    0x08000420   0x08000420   0x000000d6   Code   RO          193    .text.ADC_Disable   stm32f3xx_hal_adc_ex.o
    0x080004f6   0x080004f6   0x00000002   PAD
    0x080004f8   0x080004f8   0x000000ca   Code   RO          201    .text.ADC_Enable    stm32f3xx_hal_adc_ex.o
    0x080005c2   0x080005c2   0x00000002   PAD
    0x080005c4   0x080005c4   0x00000004   Code   RO           97    .text.BusFault_Handler  stm32f3xx_it.o
    0x080005c8   0x080005c8   0x00000002   Code   RO          103    .text.DebugMon_Handler  stm32f3xx_it.o
    0x080005ca   0x080005ca   0x00000002   PAD
    0x080005cc   0x080005cc   0x0000000e   Code   RO           15    .text.Error_Handler  main.o
    0x080005da   0x080005da   0x00000002   PAD
    0x080005dc   0x080005dc   0x000000fe   Code   RO          235    .text.HAL_ADCEx_Calibration_Start  stm32f3xx_hal_adc_ex.o
    0x080006da   0x080006da   0x00000002   PAD
    0x080006dc   0x080006dc   0x0000062c   Code   RO          269    .text.HAL_ADCEx_InjectedConfigChannel  stm32f3xx_hal_adc_ex.o
    0x08000d08   0x08000d08   0x00000058   Code   RO          257    .text.HAL_ADCEx_InjectedGetValue  stm32f3xx_hal_adc_ex.o
    0x08000d60   0x08000d60   0x00000150   Code   RO          241    .text.HAL_ADCEx_InjectedStart  stm32f3xx_hal_adc_ex.o
    0x08000eb0   0x08000eb0   0x000001b6   Code   RO          273    .text.HAL_ADCEx_MultiModeConfigChannel  stm32f3xx_hal_adc_ex.o
    0x08001066   0x08001066   0x00000002   PAD
    0x08001068   0x08001068   0x0000033e   Code   RO          191    .text.HAL_ADC_Init  stm32f3xx_hal_adc_ex.o
    0x080013a6   0x080013a6   0x00000002   PAD
    0x080013a8   0x080013a8   0x00000074   Code   RO           35    .text.HAL_ADC_MspInit  adc.o
    0x0800141c   0x0800141c   0x00000330   Code   RO          395    .text.HAL_GPIO_Init  stm32f3xx_hal_gpio.o
    0x0800174c   0x0800174c   0x0000002e   Code   RO          399    .text.HAL_GPIO_ReadPin  stm32f3xx_hal_gpio.o
    0x0800177a   0x0800177a   0x00000002   PAD
    0x0800177c   0x0800177c   0x0000002c   Code   RO          401    .text.HAL_GPIO_WritePin  stm32f3xx_hal_gpio.o
    0x080017a8   0x080017a8   0x0000000c   Code   RO          294    .text.HAL_GetTick   stm32f3xx_hal.o
    0x080017b4   0x080017b4   0x00000158   Code   RO         1091    .text.HAL_HRTIM_ADCTriggerConfig  stm32f3xx_hal_hrtim.o
    0x0800190c   0x0800190c   0x00000008   Code   RO         1189    .text.HAL_HRTIM_BurstModePeriodCallback  stm32f3xx_hal_hrtim.o
    0x08001914   0x08001914   0x0000000a   Code   RO         1205    .text.HAL_HRTIM_Capture1EventCallback  stm32f3xx_hal_hrtim.o
    0x0800191e   0x0800191e   0x00000002   PAD
    0x08001920   0x08001920   0x0000000a   Code   RO         1207    .text.HAL_HRTIM_Capture2EventCallback  stm32f3xx_hal_hrtim.o
    0x0800192a   0x0800192a   0x00000002   PAD
    0x0800192c   0x0800192c   0x0000000a   Code   RO         1197    .text.HAL_HRTIM_Compare1EventCallback  stm32f3xx_hal_hrtim.o
    0x08001936   0x08001936   0x00000002   PAD
    0x08001938   0x08001938   0x0000000a   Code   RO         1199    .text.HAL_HRTIM_Compare2EventCallback  stm32f3xx_hal_hrtim.o
    0x08001942   0x08001942   0x00000002   PAD
    0x08001944   0x08001944   0x0000000a   Code   RO         1201    .text.HAL_HRTIM_Compare3EventCallback  stm32f3xx_hal_hrtim.o
    0x0800194e   0x0800194e   0x00000002   PAD
    0x08001950   0x08001950   0x0000000a   Code   RO         1203    .text.HAL_HRTIM_Compare4EventCallback  stm32f3xx_hal_hrtim.o
    0x0800195a   0x0800195a   0x00000002   PAD
    0x0800195c   0x0800195c   0x0000000a   Code   RO         1211    .text.HAL_HRTIM_CounterResetCallback  stm32f3xx_hal_hrtim.o
    0x08001966   0x08001966   0x00000002   PAD
    0x08001968   0x08001968   0x00000008   Code   RO         1187    .text.HAL_HRTIM_DLLCalibrationReadyCallback  stm32f3xx_hal_hrtim.o
    0x08001970   0x08001970   0x000000ac   Code   RO          983    .text.HAL_HRTIM_DLLCalibrationStart  stm32f3xx_hal_hrtim.o
    0x08001a1c   0x08001a1c   0x0000000a   Code   RO         1209    .text.HAL_HRTIM_DelayedProtectionCallback  stm32f3xx_hal_hrtim.o
    0x08001a26   0x08001a26   0x00000002   PAD
    0x08001a28   0x08001a28   0x00000080   Code   RO         1083    .text.HAL_HRTIM_EventPrescalerConfig  stm32f3xx_hal_hrtim.o
    0x08001aa8   0x08001aa8   0x00000008   Code   RO         1175    .text.HAL_HRTIM_Fault1Callback  stm32f3xx_hal_hrtim.o
    0x08001ab0   0x08001ab0   0x00000008   Code   RO         1177    .text.HAL_HRTIM_Fault2Callback  stm32f3xx_hal_hrtim.o
    0x08001ab8   0x08001ab8   0x00000008   Code   RO         1179    .text.HAL_HRTIM_Fault3Callback  stm32f3xx_hal_hrtim.o
    0x08001ac0   0x08001ac0   0x00000008   Code   RO         1181    .text.HAL_HRTIM_Fault4Callback  stm32f3xx_hal_hrtim.o
    0x08001ac8   0x08001ac8   0x00000008   Code   RO         1183    .text.HAL_HRTIM_Fault5Callback  stm32f3xx_hal_hrtim.o
    0x08001ad0   0x08001ad0   0x00000038   Code   RO         1167    .text.HAL_HRTIM_IRQHandler  stm32f3xx_hal_hrtim.o
    0x08001b08   0x08001b08   0x0000019c   Code   RO          975    .text.HAL_HRTIM_Init  stm32f3xx_hal_hrtim.o
    0x08001ca4   0x08001ca4   0x0000004e   Code   RO           79    .text.HAL_HRTIM_MspInit  hrtim.o
    0x08001cf2   0x08001cf2   0x00000002   PAD
    0x08001cf4   0x08001cf4   0x00000068   Code   RO           77    .text.HAL_HRTIM_MspPostInit  hrtim.o
    0x08001d5c   0x08001d5c   0x0000000a   Code   RO         1215    .text.HAL_HRTIM_Output1ResetCallback  stm32f3xx_hal_hrtim.o
    0x08001d66   0x08001d66   0x00000002   PAD
    0x08001d68   0x08001d68   0x0000000a   Code   RO         1213    .text.HAL_HRTIM_Output1SetCallback  stm32f3xx_hal_hrtim.o
    0x08001d72   0x08001d72   0x00000002   PAD
    0x08001d74   0x08001d74   0x0000000a   Code   RO         1219    .text.HAL_HRTIM_Output2ResetCallback  stm32f3xx_hal_hrtim.o
    0x08001d7e   0x08001d7e   0x00000002   PAD
    0x08001d80   0x08001d80   0x0000000a   Code   RO         1217    .text.HAL_HRTIM_Output2SetCallback  stm32f3xx_hal_hrtim.o
    0x08001d8a   0x08001d8a   0x00000002   PAD
    0x08001d8c   0x08001d8c   0x0000007c   Code   RO          987    .text.HAL_HRTIM_PollForDLLCalibration  stm32f3xx_hal_hrtim.o
    0x08001e08   0x08001e08   0x0000000a   Code   RO         1193    .text.HAL_HRTIM_RegistersUpdateCallback  stm32f3xx_hal_hrtim.o
    0x08001e12   0x08001e12   0x00000002   PAD
    0x08001e14   0x08001e14   0x0000000a   Code   RO         1195    .text.HAL_HRTIM_RepetitionEventCallback  stm32f3xx_hal_hrtim.o
    0x08001e1e   0x08001e1e   0x00000002   PAD
    0x08001e20   0x08001e20   0x00000008   Code   RO         1191    .text.HAL_HRTIM_SynchronizationEventCallback  stm32f3xx_hal_hrtim.o
    0x08001e28   0x08001e28   0x00000008   Code   RO         1185    .text.HAL_HRTIM_SystemFaultCallback  stm32f3xx_hal_hrtim.o
    0x08001e30   0x08001e30   0x0000005c   Code   RO          989    .text.HAL_HRTIM_TimeBaseConfig  stm32f3xx_hal_hrtim.o
    0x08001e8c   0x08001e8c   0x000002c0   Code   RO         1109    .text.HAL_HRTIM_WaveformCompareConfig  stm32f3xx_hal_hrtim.o
    0x0800214c   0x0800214c   0x000000e4   Code   RO         1125    .text.HAL_HRTIM_WaveformCountStart_IT  stm32f3xx_hal_hrtim.o
    0x08002230   0x08002230   0x000000fc   Code   RO         1127    .text.HAL_HRTIM_WaveformCountStop_IT  stm32f3xx_hal_hrtim.o
    0x0800232c   0x0800232c   0x0000007a   Code   RO         1113    .text.HAL_HRTIM_WaveformOutputConfig  stm32f3xx_hal_hrtim.o
    0x080023a6   0x080023a6   0x00000002   PAD
    0x080023a8   0x080023a8   0x00000064   Code   RO         1117    .text.HAL_HRTIM_WaveformOutputStart  stm32f3xx_hal_hrtim.o
    0x0800240c   0x0800240c   0x00000064   Code   RO         1119    .text.HAL_HRTIM_WaveformOutputStop  stm32f3xx_hal_hrtim.o
    0x08002470   0x08002470   0x000000ec   Code   RO         1093    .text.HAL_HRTIM_WaveformTimerConfig  stm32f3xx_hal_hrtim.o
    0x0800255c   0x0800255c   0x0000001a   Code   RO          292    .text.HAL_IncTick   stm32f3xx_hal.o
    0x08002576   0x08002576   0x00000002   PAD
    0x08002578   0x08002578   0x00000026   Code   RO          282    .text.HAL_Init      stm32f3xx_hal.o
    0x0800259e   0x0800259e   0x00000002   PAD
    0x080025a0   0x080025a0   0x00000070   Code   RO          284    .text.HAL_InitTick  stm32f3xx_hal.o
    0x08002610   0x08002610   0x00000042   Code   RO          118    .text.HAL_MspInit   stm32f3xx_hal_msp.o
    0x08002652   0x08002652   0x00000002   PAD
    0x08002654   0x08002654   0x00000014   Code   RO          465    .text.HAL_NVIC_EnableIRQ  stm32f3xx_hal_cortex.o
    0x08002668   0x08002668   0x00000032   Code   RO          457    .text.HAL_NVIC_SetPriority  stm32f3xx_hal_cortex.o
    0x0800269a   0x0800269a   0x00000002   PAD
    0x0800269c   0x0800269c   0x00000010   Code   RO          453    .text.HAL_NVIC_SetPriorityGrouping  stm32f3xx_hal_cortex.o
    0x080026ac   0x080026ac   0x00000282   Code   RO          379    .text.HAL_RCCEx_PeriphCLKConfig  stm32f3xx_hal_rcc_ex.o
    0x0800292e   0x0800292e   0x00000002   PAD
    0x08002930   0x08002930   0x0000030a   Code   RO          346    .text.HAL_RCC_ClockConfig  stm32f3xx_hal_rcc.o
    0x08002c3a   0x08002c3a   0x00000002   PAD
    0x08002c3c   0x08002c3c   0x0000000c   Code   RO          356    .text.HAL_RCC_GetHCLKFreq  stm32f3xx_hal_rcc.o
    0x08002c48   0x08002c48   0x000000c2   Code   RO          348    .text.HAL_RCC_GetSysClockFreq  stm32f3xx_hal_rcc.o
    0x08002d0a   0x08002d0a   0x00000002   PAD
    0x08002d0c   0x08002d0c   0x00000a6e   Code   RO          344    .text.HAL_RCC_OscConfig  stm32f3xx_hal_rcc.o
    0x0800377a   0x0800377a   0x00000002   PAD
    0x0800377c   0x0800377c   0x00000034   Code   RO          505    .text.HAL_SYSTICK_CLKSourceConfig  stm32f3xx_hal_cortex.o
    0x080037b0   0x080037b0   0x00000002   Code   RO          509    .text.HAL_SYSTICK_Callback  stm32f3xx_hal_cortex.o
    0x080037b2   0x080037b2   0x00000002   PAD
    0x080037b4   0x080037b4   0x00000010   Code   RO          477    .text.HAL_SYSTICK_Config  stm32f3xx_hal_cortex.o
    0x080037c4   0x080037c4   0x00000008   Code   RO          507    .text.HAL_SYSTICK_IRQHandler  stm32f3xx_hal_cortex.o
    0x080037cc   0x080037cc   0x00000102   Code   RO         1552    .text.HAL_TIMEx_MasterConfigSynchronization  stm32f3xx_hal_tim_ex.o
    0x080038ce   0x080038ce   0x00000002   PAD
    0x080038d0   0x080038d0   0x00000134   Code   RO         1349    .text.HAL_TIM_Encoder_Init  stm32f3xx_hal_tim.o
    0x08003a04   0x08003a04   0x000000c6   Code   RO          128    .text.HAL_TIM_Encoder_MspInit  tim.o
    0x08003aca   0x08003aca   0x00000002   PAD
    0x08003acc   0x08003acc   0x0000014e   Code   RO         1357    .text.HAL_TIM_Encoder_Start  stm32f3xx_hal_tim.o
    0x08003c1a   0x08003c1a   0x00000002   PAD
    0x08003c1c   0x08003c1c   0x00000016   Code   RO          109    .text.HRTIM1_TIMA_IRQHandler  stm32f3xx_it.o
    0x08003c32   0x08003c32   0x00000002   PAD
    0x08003c34   0x08003c34   0x0000008c   Code   RO         1099    .text.HRTIM_ForceRegistersUpdate  stm32f3xx_hal_hrtim.o
    0x08003cc0   0x08003cc0   0x00000122   Code   RO         1169    .text.HRTIM_HRTIM_ISR  stm32f3xx_hal_hrtim.o
    0x08003de2   0x08003de2   0x00000002   PAD
    0x08003de4   0x08003de4   0x00000052   Code   RO          991    .text.HRTIM_MasterBase_Config  stm32f3xx_hal_hrtim.o
    0x08003e36   0x08003e36   0x00000002   PAD
    0x08003e38   0x08003e38   0x000000c0   Code   RO         1095    .text.HRTIM_MasterWaveform_Config  stm32f3xx_hal_hrtim.o
    0x08003ef8   0x08003ef8   0x000001c8   Code   RO         1171    .text.HRTIM_Master_ISR  stm32f3xx_hal_hrtim.o
    0x080040c0   0x080040c0   0x0000017c   Code   RO         1017    .text.HRTIM_OutputConfig  stm32f3xx_hal_hrtim.o
    0x0800423c   0x0800423c   0x0000030a   Code   RO         1173    .text.HRTIM_Timer_ISR  stm32f3xx_hal_hrtim.o
    0x08004546   0x08004546   0x00000002   PAD
    0x08004548   0x08004548   0x00000074   Code   RO          993    .text.HRTIM_TimingUnitBase_Config  stm32f3xx_hal_hrtim.o
    0x080045bc   0x080045bc   0x0000026a   Code   RO         1097    .text.HRTIM_TimingUnitWaveform_Config  stm32f3xx_hal_hrtim.o
    0x08004826   0x08004826   0x00000002   PAD
    0x08004828   0x08004828   0x00000004   Code   RO           93    .text.HardFault_Handler  stm32f3xx_it.o
    0x0800482c   0x0800482c   0x000000d2   Code   RO           33    .text.MX_ADC1_Init  adc.o
    0x080048fe   0x080048fe   0x00000002   PAD
    0x08004900   0x08004900   0x000000d4   Code   RO           25    .text.MX_GPIO_Init  gpio.o
    0x080049d4   0x080049d4   0x0000022e   Code   RO           75    .text.MX_HRTIM1_Init  hrtim.o
    0x08004c02   0x08004c02   0x00000002   PAD
    0x08004c04   0x08004c04   0x0000008a   Code   RO          126    .text.MX_TIM2_Init  tim.o
    0x08004c8e   0x08004c8e   0x00000002   PAD
    0x08004c90   0x08004c90   0x00000004   Code   RO           95    .text.MemManage_Handler  stm32f3xx_it.o
    0x08004c94   0x08004c94   0x00000004   Code   RO           91    .text.NMI_Handler   stm32f3xx_it.o
    0x08004c98   0x08004c98   0x0000006c   Code   RO          463    .text.NVIC_EncodePriority  stm32f3xx_hal_cortex.o
    0x08004d04   0x08004d04   0x00000002   Code   RO          105    .text.PendSV_Handler  stm32f3xx_it.o
    0x08004d06   0x08004d06   0x00000002   PAD
    0x08004d08   0x08004d08   0x00000002   Code   RO          101    .text.SVC_Handler   stm32f3xx_it.o
    0x08004d0a   0x08004d0a   0x00000002   PAD
    0x08004d0c   0x08004d0c   0x00000052   Code   RO          479    .text.SysTick_Config  stm32f3xx_hal_cortex.o
    0x08004d5e   0x08004d5e   0x00000002   PAD
    0x08004d60   0x08004d60   0x00000010   Code   RO          107    .text.SysTick_Handler  stm32f3xx_it.o
    0x08004d70   0x08004d70   0x000000a2   Code   RO           13    .text.SystemClock_Config  main.o
    0x08004e12   0x08004e12   0x00000002   PAD
    0x08004e14   0x08004e14   0x00000012   Code   RO         1579    .text.SystemInit    system_stm32f3xx.o
    0x08004e26   0x08004e26   0x00000002   PAD
    0x08004e28   0x08004e28   0x00000130   Code   RO         1239    .text.TIM_Base_SetConfig  stm32f3xx_hal_tim.o
    0x08004f58   0x08004f58   0x00000036   Code   RO         1273    .text.TIM_CCxChannelCmd  stm32f3xx_hal_tim.o
    0x08004f8e   0x08004f8e   0x00000002   PAD
    0x08004f90   0x08004f90   0x00000004   Code   RO           99    .text.UsageFault_Handler  stm32f3xx_it.o
    0x08004f94   0x08004f94   0x00000030   Code   RO          467    .text.__NVIC_EnableIRQ  stm32f3xx_hal_cortex.o
    0x08004fc4   0x08004fc4   0x00000010   Code   RO          459    .text.__NVIC_GetPriorityGrouping  stm32f3xx_hal_cortex.o
    0x08004fd4   0x08004fd4   0x00000042   Code   RO          461    .text.__NVIC_SetPriority  stm32f3xx_hal_cortex.o
    0x08005016   0x08005016   0x00000002   PAD
    0x08005018   0x08005018   0x0000003c   Code   RO          455    .text.__NVIC_SetPriorityGrouping  stm32f3xx_hal_cortex.o
    0x08005054   0x08005054   0x000000bc   Code   RO         1603    .text.checkPulse    soft.o
    0x08005110   0x08005110   0x0000005c   Code   RO         1595    .text.iOutCalc      soft.o
    0x0800516c   0x0800516c   0x00000122   Code   RO         1597    .text.inInit        soft.o
    0x0800528e   0x0800528e   0x00000002   PAD
    0x08005290   0x08005290   0x00000082   Code   RO         1599    .text.inMain        soft.o
    0x08005312   0x08005312   0x00000002   PAD
    0x08005314   0x08005314   0x00000200   Code   RO         1607    .text.inSysT        soft.o
    0x08005514   0x08005514   0x0000002c   Code   RO         1609    .text.inSysTConfig  soft.o
    0x08005540   0x08005540   0x000004a6   Code   RO         1615    .text.inTimH_impulse  soft.o
    0x080059e6   0x080059e6   0x00000002   PAD
    0x080059e8   0x080059e8   0x0000002c   Code   RO           11    .text.main          main.o
    0x08005a14   0x08005a14   0x0000005e   Code   RO         1593    .text.uOutCalc      soft.o
    0x08005a72   0x08005a72   0x0000001a   Code   RO         1781    x$fpl$fpinit        fz_wm.l(fpinit.o)
    0x08005a8c   0x08005a8c   0x00000010   Data   RO         1584    .rodata.AHBPrescTable  system_stm32f3xx.o
    0x08005a9c   0x08005a9c   0x00000010   Data   RO          370    .rodata.aPLLMULFactorTable  stm32f3xx_hal_rcc.o
    0x08005aac   0x08005aac   0x00000010   Data   RO          371    .rodata.aPredivFactorTable  stm32f3xx_hal_rcc.o
    0x08005abc   0x08005abc   0x00000020   Data   RO         1842    Region$$Table       anon$$obj.o


    Execution Region RW_IRAM2 (Exec base: 0x10000000, Load base: 0x08005b08, Size: 0x00000000, Max: 0x00001000, ABSOLUTE)

    **** No section assigned to this execution region ****


    Execution Region RW_IRAM1 (Exec base: 0x20000000, Load base: 0x08005ae0, Size: 0x00000868, Max: 0x00003000, ABSOLUTE)

    Exec Addr    Load Addr    Size         Type   Attr      Idx    E Section Name        Object

    0x20000000   0x08005ae0   0x00000004   Data   RW         1583    .data.SystemCoreClock  system_stm32f3xx.o
    0x20000004   0x08005ae4   0x00000018   Data   RW         1227    .data.TimerIdxToTimerId  stm32f3xx_hal_hrtim.o
    0x2000001c   0x08005afc   0x00000001   Data   RW          333    .data.uwTickFreq    stm32f3xx_hal.o
    0x2000001d   0x08005afd   0x00000003   PAD
    0x20000020   0x08005b00   0x00000004   Data   RW          332    .data.uwTickPrio    stm32f3xx_hal.o
    0x20000024   0x08005b04   0x00000004   PAD
    0x20000028        -       0x00000060   Zero   RW         1709    .bss                c_w.l(libspace.o)
    0x20000088        -       0x00000004   Zero   RW         1617    .bss.ADC_Data       soft.o
    0x2000008c        -       0x00000002   Zero   RW         1639    .bss.Er_sost        soft.o
    0x2000008e        -       0x00000002   Zero   RW         1641    .bss.Err_pause      soft.o
    0x20000090        -       0x00000002   Zero   RW         1625    .bss.IZadVar        soft.o
    0x20000092   0x08005b04   0x00000002   PAD
    0x20000094        -       0x00000004   Zero   RW         1627    .bss.Um             soft.o
    0x20000098        -       0x00000001   Zero   RW         1622    .bss.antiStick      soft.o
    0x20000099   0x08005b04   0x00000001   PAD
    0x2000009a        -       0x00000002   Zero   RW         1623    .bss.antiStickCount  soft.o
    0x2000009c        -       0x00000002   Zero   RW         1624    .bss.antiStickCount2  soft.o
    0x2000009e   0x08005b04   0x00000002   PAD
    0x200000a0        -       0x00000004   Zero   RW         1642    .bss.cmpA1          soft.o
    0x200000a4        -       0x00000004   Zero   RW         1643    .bss.cmpA2          soft.o
    0x200000a8        -       0x00000004   Zero   RW         1644    .bss.cmpA3          soft.o
    0x200000ac        -       0x00000004   Zero   RW         1645    .bss.cmpA4          soft.o
    0x200000b0        -       0x00000004   Zero   RW         1620    .bss.cnti           soft.o
    0x200000b4        -       0x00000004   Zero   RW         1628    .bss.countSurge     soft.o
    0x200000b8        -       0x00000004   Zero   RW         1630    .bss.countSurgeMax  soft.o
    0x200000bc        -       0x00000004   Zero   RW         1629    .bss.countSurgeMin  soft.o
    0x200000c0        -       0x00000002   Zero   RW         1626    .bss.currentZad     soft.o
    0x200000c2   0x08005b04   0x00000002   PAD
    0x200000c4        -       0x00000004   Zero   RW         1637    .bss.deltaPulse     soft.o
    0x200000c8        -       0x00000001   Zero   RW         1631    .bss.encVarNow      soft.o
    0x200000c9   0x08005b04   0x00000003   PAD
    0x200000cc        -       0x00000004   Zero   RW         1634    .bss.errorSum       soft.o
    0x200000d0        -       0x00000050   Zero   RW           39    .bss.hadc1          adc.o
    0x20000120        -       0x000000dc   Zero   RW           83    .bss.hhrtim1        hrtim.o
    0x200001fc        -       0x0000004c   Zero   RW          132    .bss.htim2          tim.o
    0x20000248        -       0x00000002   Zero   RW         1619    .bss.iOut           soft.o
    0x2000024a        -       0x00000002   Zero   RW         1640    .bss.inError        soft.o
    0x2000024c        -       0x00000004   Zero   RW         1632    .bss.inWork         soft.o
    0x20000250        -       0x00000004   Zero   RW         1635    .bss.nowError       soft.o
    0x20000254        -       0x00000004   Zero   RW         1633    .bss.pulse          soft.o
    0x20000258        -       0x00000004   Zero   RW         1636    .bss.pulseLast      soft.o
    0x2000025c        -       0x00000001   Zero   RW         1621    .bss.startOS        soft.o
    0x2000025d   0x08005b04   0x00000001   PAD
    0x2000025e        -       0x00000002   Zero   RW         1618    .bss.uOut           soft.o
    0x20000260        -       0x00000004   Zero   RW          334    .bss.uwTick         stm32f3xx_hal.o
    0x20000264   0x08005b04   0x00000004   PAD
    0x20000268        -       0x00000200   Zero   RW            2    HEAP                startup_stm32f334x8.o
    0x20000468        -       0x00000400   Zero   RW            1    STACK               startup_stm32f334x8.o


==============================================================================

Image component sizes


      Code (inc. data)   RO Data    RW Data    ZI Data      Debug   Object Name

       326          0          0          0         80       5376   adc.o
       212          0          0          0          0       1748   gpio.o
       740          0          0          0        220       8724   hrtim.o
       220          0          0          0          0       2036   main.o
      2540          0          0          0         85       5934   soft.o
        64         26        392          0       1536        860   startup_stm32f334x8.o
       188          0          0          5          4       5855   stm32f3xx_hal.o
      3942          8          0          0          0      19424   stm32f3xx_hal_adc_ex.o
       544          0          0          0          0       7713   stm32f3xx_hal_cortex.o
       906          0          0          0          0       4927   stm32f3xx_hal_gpio.o
      6334         36          0         24          0      44100   stm32f3xx_hal_hrtim.o
        66          0          0          0          0       1030   stm32f3xx_hal_msp.o
      3654          0         32          0          0       8098   stm32f3xx_hal_rcc.o
       642          0          0          0          0       3895   stm32f3xx_hal_rcc_ex.o
      1000          0          0          0          0      36659   stm32f3xx_hal_tim.o
       258          0          0          0          0      15657   stm32f3xx_hal_tim_ex.o
        64          0          0          0          0       1139   stm32f3xx_it.o
        18          0         16          4          0       2115   system_stm32f3xx.o
       336          0          0          0         76       5389   tim.o

    ----------------------------------------------------------------------
     22162         70        472         36       2020     180679   Object Totals
         0          0         32          0          0          0   (incl. Generated)
       108          0          0          3         19          0   (incl. Padding)

    ----------------------------------------------------------------------

      Code (inc. data)   RO Data    RW Data    ZI Data      Debug   Library Member Name

         8          0          0          0          0         68   __main.o
         0          0          0          0          0          0   __rtentry.o
        12          0          0          0          0          0   __rtentry2.o
         6          0          0          0          0          0   __rtentry4.o
        52          8          0          0          0          0   __scatter.o
        26          0          0          0          0          0   __scatter_copy.o
        28          0          0          0          0          0   __scatter_zi.o
        18          0          0          0          0         80   exit.o
         6          0          0          0          0        152   heapauxi.o
         0          0          0          0          0          0   indicate_semi.o
         2          0          0          0          0          0   libinit.o
         6          0          0          0          0          0   libinit2.o
         2          0          0          0          0          0   libshutdown.o
         2          0          0          0          0          0   libshutdown2.o
         8          4          0          0         96         68   libspace.o
       240          0          0          0          0        100   lludivv7m.o
        78          0          0          0          0         80   rt_memclr_w.o
         2          0          0          0          0          0   rtexit.o
        10          0          0          0          0          0   rtexit2.o
        12          4          0          0          0         68   sys_exit.o
        74          0          0          0          0         80   sys_stackheap_outer.o
         2          0          0          0          0         68   use_no_semi.o
        26          0          0          0          0        116   fpinit.o

    ----------------------------------------------------------------------
       626         16          0          0         96        880   Library Totals
         6          0          0          0          0          0   (incl. Padding)

    ----------------------------------------------------------------------

      Code (inc. data)   RO Data    RW Data    ZI Data      Debug   Library Name

       594         16          0          0         96        764   c_w.l
        26          0          0          0          0        116   fz_wm.l

    ----------------------------------------------------------------------
       626         16          0          0         96        880   Library Totals

    ----------------------------------------------------------------------

==============================================================================


      Code (inc. data)   RO Data    RW Data    ZI Data      Debug   

     22788         86        472         36       2116     180959   Grand Totals
     22788         86        472         36       2116     180959   ELF Image Totals
     22788         86        472         36          0          0   ROM Totals

==============================================================================

    Total RO  Size (Code + RO Data)                23260 (  22.71kB)
    Total RW  Size (RW Data + ZI Data)              2152 (   2.10kB)
    Total ROM Size (Code + RO Data + RW Data)      23296 (  22.75kB)

==============================================================================

